stm32l4xx_hal_nand.c:159:20:HAL_NAND_Init	24	static
stm32l4xx_hal_nand.c:200:19:HAL_NAND_DeInit	16	static
stm32l4xx_hal_nand.c:223:13:HAL_NAND_MspInit	16	static
stm32l4xx_hal_nand.c:239:13:HAL_NAND_MspDeInit	16	static
stm32l4xx_hal_nand.c:256:6:HAL_NAND_IRQHandler	16	static
stm32l4xx_hal_nand.c:305:13:HAL_NAND_ITCallback	16	static
stm32l4xx_hal_nand.c:341:19:HAL_NAND_Read_ID	24	static
stm32l4xx_hal_nand.c:389:19:HAL_NAND_Reset	24	static
stm32l4xx_hal_nand.c:431:19:HAL_NAND_Read_Page_8b	64	static
stm32l4xx_hal_nand.c:518:19:HAL_NAND_Write_Page_8b	72	static
stm32l4xx_hal_nand.c:618:19:HAL_NAND_Read_SpareArea_8b	64	static
stm32l4xx_hal_nand.c:704:19:HAL_NAND_Write_SpareArea_8b	72	static
stm32l4xx_hal_nand.c:802:19:HAL_NAND_Erase_Block	32	static
stm32l4xx_hal_nand.c:867:10:HAL_NAND_Read_Status	24	static
stm32l4xx_hal_nand.c:906:10:HAL_NAND_Address_Inc	24	static
stm32l4xx_hal_nand.c:959:20:HAL_NAND_ECC_Enable	16	static
stm32l4xx_hal_nand.c:985:20:HAL_NAND_ECC_Disable	16	static
stm32l4xx_hal_nand.c:1013:20:HAL_NAND_GetECC	32	static
stm32l4xx_hal_nand.c:1061:23:HAL_NAND_GetState	16	static
stm32l4xx_hal_nand.c:1088:17:NAND_AddressIncrement	24	static
