stm32l4xx_hal_sd.c:306:19:HAL_SD_Init	16	static
stm32l4xx_hal_sd.c:382:19:HAL_SD_InitCard	72	static
stm32l4xx_hal_sd.c:459:19:HAL_SD_DeInit	16	static
stm32l4xx_hal_sd.c:490:13:HAL_SD_MspInit	16	static
stm32l4xx_hal_sd.c:505:13:HAL_SD_MspDeInit	16	static
stm32l4xx_hal_sd.c:546:19:HAL_SD_ReadBlocks	72	static
stm32l4xx_hal_sd.c:744:19:HAL_SD_WriteBlocks	64	static
stm32l4xx_hal_sd.c:926:19:HAL_SD_ReadBlocks_IT	56	static
stm32l4xx_hal_sd.c:1034:19:HAL_SD_WriteBlocks_IT	56	static
stm32l4xx_hal_sd.c:1151:19:HAL_SD_ReadBlocks_DMA	56	static
stm32l4xx_hal_sd.c:1285:19:HAL_SD_WriteBlocks_DMA	56	static
stm32l4xx_hal_sd.c:1423:19:HAL_SD_Erase	32	static
stm32l4xx_hal_sd.c:1523:6:HAL_SD_IRQHandler	24	static
stm32l4xx_hal_sd.c:1754:21:HAL_SD_GetState	16	static
stm32l4xx_hal_sd.c:1765:10:HAL_SD_GetError	16	static
stm32l4xx_hal_sd.c:1775:14:HAL_SD_TxCpltCallback	16	static
stm32l4xx_hal_sd.c:1790:13:HAL_SD_RxCpltCallback	16	static
stm32l4xx_hal_sd.c:1805:13:HAL_SD_ErrorCallback	16	static
stm32l4xx_hal_sd.c:1820:13:HAL_SD_AbortCallback	16	static
stm32l4xx_hal_sd.c:1858:19:HAL_SD_GetCardCID	24	static
stm32l4xx_hal_sd.c:1939:19:HAL_SD_GetCardCSD	24	static
stm32l4xx_hal_sd.c:2086:19:HAL_SD_GetCardStatus	88	static
stm32l4xx_hal_sd.c:2174:19:HAL_SD_GetCardInfo	16	static
stm32l4xx_hal_sd.c:2199:19:HAL_SD_ConfigWideBusOperation	72	static
stm32l4xx_hal_sd.c:2299:25:HAL_SD_GetCardState	32	static
stm32l4xx_hal_sd.c:2327:19:HAL_SD_Abort	24	static
stm32l4xx_hal_sd.c:2379:19:HAL_SD_Abort_IT	24	static
stm32l4xx_hal_sd.c:2475:13:SD_DMATransmitCplt	24	static
stm32l4xx_hal_sd.c:2488:13:SD_DMAReceiveCplt	24	static
stm32l4xx_hal_sd.c:2521:13:SD_DMAError	24	static
stm32l4xx_hal_sd.c:2553:13:SD_DMATxAbort	24	static
stm32l4xx_hal_sd.c:2590:13:SD_DMARxAbort	24	static
stm32l4xx_hal_sd.c:2628:17:SD_InitCard	96	static
stm32l4xx_hal_sd.c:2719:17:SD_PowerON	32	static
stm32l4xx_hal_sd.c:2921:26:SD_PowerOFF	16	static
stm32l4xx_hal_sd.c:2936:17:SD_SendSDStatus	64	static
stm32l4xx_hal_sd.c:3046:17:SD_SendStatus	24	static
stm32l4xx_hal_sd.c:3073:17:SD_WideBus_Enable	32	static
stm32l4xx_hal_sd.c:3120:17:SD_WideBus_Disable	32	static
stm32l4xx_hal_sd.c:3169:17:SD_FindSCR	72	static
stm32l4xx_hal_sd.c:3279:26:SD_Read_IT	32	static
stm32l4xx_hal_sd.c:3303:26:SD_Write_IT	24	static
