stm32l4xx_hal_rcc_ex.c:2927:26:RCCEx_PLLSAI1_Config	24	static
stm32l4xx_hal_rcc_ex.c:3127:26:RCCEx_PLLSAI2_Config	24	static
stm32l4xx_hal_rcc_ex.c:203:19:HAL_RCCEx_PeriphCLKConfig	40	static
stm32l4xx_hal_rcc_ex.c:807:6:HAL_RCCEx_GetPeriphCLKConfig	4	static
stm32l4xx_hal_rcc_ex.c:1117:10:HAL_RCCEx_GetPeriphCLKFreq	0	static
stm32l4xx_hal_rcc_ex.c:2099:19:HAL_RCCEx_EnablePLLSAI1	16	static
stm32l4xx_hal_rcc_ex.c:2167:19:HAL_RCCEx_DisablePLLSAI1	16	static
stm32l4xx_hal_rcc_ex.c:2213:19:HAL_RCCEx_EnablePLLSAI2	16	static
stm32l4xx_hal_rcc_ex.c:2291:19:HAL_RCCEx_DisablePLLSAI2	16	static
stm32l4xx_hal_rcc_ex.c:2343:6:HAL_RCCEx_WakeUpStopCLKConfig	0	static
stm32l4xx_hal_rcc_ex.c:2361:6:HAL_RCCEx_StandbyMSIRangeConfig	0	static
stm32l4xx_hal_rcc_ex.c:2375:6:HAL_RCCEx_EnableLSECSS	0	static
stm32l4xx_hal_rcc_ex.c:2385:6:HAL_RCCEx_DisableLSECSS	0	static
stm32l4xx_hal_rcc_ex.c:2398:6:HAL_RCCEx_EnableLSECSS_IT	0	static
stm32l4xx_hal_rcc_ex.c:2432:13:HAL_RCCEx_LSECSS_Callback	0	static
stm32l4xx_hal_rcc_ex.c:2415:6:HAL_RCCEx_LSECSS_IRQHandler	8	static
stm32l4xx_hal_rcc_ex.c:2447:6:HAL_RCCEx_EnableLSCO	56	static
stm32l4xx_hal_rcc_ex.c:2494:6:HAL_RCCEx_DisableLSCO	16	static
stm32l4xx_hal_rcc_ex.c:2532:6:HAL_RCCEx_EnableMSIPLLMode	0	static
stm32l4xx_hal_rcc_ex.c:2542:6:HAL_RCCEx_DisableMSIPLLMode	0	static
