stm32l4xx_hal_adc_ex.c:153:19:HAL_ADCEx_Calibration_Start	16	static
stm32l4xx_hal_adc_ex.c:232:10:HAL_ADCEx_Calibration_GetValue	0	static
stm32l4xx_hal_adc_ex.c:259:19:HAL_ADCEx_Calibration_SetValue	8	static
stm32l4xx_hal_adc_ex.c:315:19:HAL_ADCEx_InjectedStart	16	static
stm32l4xx_hal_adc_ex.c:446:19:HAL_ADCEx_InjectedStop	8	static
stm32l4xx_hal_adc_ex.c:501:19:HAL_ADCEx_InjectedPollForConversion	24	static
stm32l4xx_hal_adc_ex.c:622:19:HAL_ADCEx_InjectedStart_IT	8	static
stm32l4xx_hal_adc_ex.c:775:19:HAL_ADCEx_InjectedStop_IT	8	static
stm32l4xx_hal_adc_ex.c:842:19:HAL_ADCEx_MultiModeStart_DMA	128	static
stm32l4xx_hal_adc_ex.c:957:19:HAL_ADCEx_MultiModeStop_DMA	120	static
stm32l4xx_hal_adc_ex.c:1063:10:HAL_ADCEx_MultiModeGetValue	0	static
stm32l4xx_hal_adc_ex.c:1106:10:HAL_ADCEx_InjectedGetValue	0	static
stm32l4xx_hal_adc_ex.c:1141:13:HAL_ADCEx_InjectedConvCpltCallback	0	static
stm32l4xx_hal_adc_ex.c:1160:13:HAL_ADCEx_InjectedQueueOverflowCallback	0	static
stm32l4xx_hal_adc_ex.c:1175:13:HAL_ADCEx_LevelOutOfWindow2Callback	0	static
stm32l4xx_hal_adc_ex.c:1190:13:HAL_ADCEx_LevelOutOfWindow3Callback	0	static
stm32l4xx_hal_adc_ex.c:1206:13:HAL_ADCEx_EndOfSamplingCallback	0	static
stm32l4xx_hal_adc_ex.c:1224:19:HAL_ADCEx_RegularStop	8	static
stm32l4xx_hal_adc_ex.c:1282:19:HAL_ADCEx_RegularStop_IT	8	static
stm32l4xx_hal_adc_ex.c:1342:19:HAL_ADCEx_RegularStop_DMA	16	static
stm32l4xx_hal_adc_ex.c:1429:19:HAL_ADCEx_RegularMultiModeStop_DMA	120	static
stm32l4xx_hal_adc_ex.c:1598:19:HAL_ADCEx_InjectedConfigChannel	20	static
stm32l4xx_hal_adc_ex.c:2084:19:HAL_ADCEx_MultiModeConfigChannel	16	static
stm32l4xx_hal_adc_ex.c:2194:19:HAL_ADCEx_EnableInjectedQueue	0	static
stm32l4xx_hal_adc_ex.c:2221:19:HAL_ADCEx_DisableInjectedQueue	0	static
stm32l4xx_hal_adc_ex.c:2244:19:HAL_ADCEx_DisableVoltageRegulator	0	static
stm32l4xx_hal_adc_ex.c:2274:19:HAL_ADCEx_EnterADCDeepPowerDownMode	0	static
