stm32l4xx_hal_swpmi.c:260:13:HAL_SWPMI_MspInit	0	static
stm32l4xx_hal_swpmi.c:148:19:HAL_SWPMI_Init	16	static
stm32l4xx_hal_swpmi.c:275:13:HAL_SWPMI_MspDeInit	0	static
stm32l4xx_hal_swpmi.c:222:19:HAL_SWPMI_DeInit	8	static
stm32l4xx_hal_swpmi.c:353:19:HAL_SWPMI_Transmit	24	static
stm32l4xx_hal_swpmi.c:454:19:HAL_SWPMI_Receive	24	static
stm32l4xx_hal_swpmi.c:551:19:HAL_SWPMI_Transmit_IT	4	static
stm32l4xx_hal_swpmi.c:616:19:HAL_SWPMI_Receive_IT	4	static
stm32l4xx_hal_swpmi.c:677:19:HAL_SWPMI_Transmit_DMA	24	static
stm32l4xx_hal_swpmi.c:752:19:HAL_SWPMI_Receive_DMA	24	static
stm32l4xx_hal_swpmi.c:824:19:HAL_SWPMI_DMAStop	16	static
stm32l4xx_hal_swpmi.c:861:19:HAL_SWPMI_EnableLoopback	4	static
stm32l4xx_hal_swpmi.c:891:19:HAL_SWPMI_DisableLoopback	4	static
stm32l4xx_hal_swpmi.c:1094:13:HAL_SWPMI_TxCpltCallback	0	static
stm32l4xx_hal_swpmi.c:1109:13:HAL_SWPMI_TxHalfCpltCallback	0	static
stm32l4xx_hal_swpmi.c:1414:13:SWPMI_DMATxHalfCplt	8	static
stm32l4xx_hal_swpmi.c:1124:13:HAL_SWPMI_RxCpltCallback	0	static
stm32l4xx_hal_swpmi.c:1427:13:SWPMI_DMAReceiveCplt	8	static
stm32l4xx_hal_swpmi.c:1139:13:HAL_SWPMI_RxHalfCpltCallback	0	static
stm32l4xx_hal_swpmi.c:1458:13:SWPMI_DMARxHalfCplt	8	static
stm32l4xx_hal_swpmi.c:1154:13:HAL_SWPMI_ErrorCallback	0	static
stm32l4xx_hal_swpmi.c:1470:13:SWPMI_DMAError	8	static
stm32l4xx_hal_swpmi.c:1363:13:SWPMI_DMATransmitCplt	16	static
stm32l4xx_hal_swpmi.c:938:6:HAL_SWPMI_IRQHandler	24	static
stm32l4xx_hal_swpmi.c:1488:13:SWPMI_DMAAbortOnError	8	static
stm32l4xx_hal_swpmi.c:1188:24:HAL_SWPMI_GetState	0	static
stm32l4xx_hal_swpmi.c:1200:10:HAL_SWPMI_GetError	0	static
