stm32l4xx_hal_qspi.c:2047:13:QSPI_DMARxCplt	0	static
stm32l4xx_hal_qspi.c:2061:13:QSPI_DMATxCplt	0	static
stm32l4xx_hal_qspi.c:2191:13:QSPI_Config	16	static
stm32l4xx_hal_qspi.c:2099:13:QSPI_DMAError	8	static
stm32l4xx_hal_qspi.c:371:13:HAL_QSPI_MspInit	0	static
stm32l4xx_hal_qspi.c:247:19:HAL_QSPI_Init	24	static
stm32l4xx_hal_qspi.c:386:13:HAL_QSPI_MspDeInit	0	static
stm32l4xx_hal_qspi.c:337:19:HAL_QSPI_DeInit	8	static
stm32l4xx_hal_qspi.c:653:19:HAL_QSPI_Command	24	static
stm32l4xx_hal_qspi.c:742:19:HAL_QSPI_Command_IT	24	static
stm32l4xx_hal_qspi.c:1016:19:HAL_QSPI_Transmit_IT	4	static
stm32l4xx_hal_qspi.c:1076:19:HAL_QSPI_Receive_IT	8	static
stm32l4xx_hal_qspi.c:1144:19:HAL_QSPI_Transmit_DMA	24	static
stm32l4xx_hal_qspi.c:1276:19:HAL_QSPI_Receive_DMA	24	static
stm32l4xx_hal_qspi.c:1410:19:HAL_QSPI_AutoPolling	24	static
stm32l4xx_hal_qspi.c:1510:19:HAL_QSPI_AutoPolling_IT	24	static
stm32l4xx_hal_qspi.c:1614:19:HAL_QSPI_MemoryMapped	24	static
stm32l4xx_hal_qspi.c:1700:13:HAL_QSPI_ErrorCallback	0	static
stm32l4xx_hal_qspi.c:2119:13:QSPI_DMAAbortCplt	8	static
stm32l4xx_hal_qspi.c:1715:13:HAL_QSPI_AbortCpltCallback	0	static
stm32l4xx_hal_qspi.c:1730:13:HAL_QSPI_CmdCpltCallback	0	static
stm32l4xx_hal_qspi.c:1745:13:HAL_QSPI_RxCpltCallback	0	static
stm32l4xx_hal_qspi.c:1760:14:HAL_QSPI_TxCpltCallback	0	static
stm32l4xx_hal_qspi.c:1775:13:HAL_QSPI_RxHalfCpltCallback	0	static
stm32l4xx_hal_qspi.c:2075:13:QSPI_DMARxHalfCplt	8	static
stm32l4xx_hal_qspi.c:1790:13:HAL_QSPI_TxHalfCpltCallback	0	static
stm32l4xx_hal_qspi.c:2087:13:QSPI_DMATxHalfCplt	8	static
stm32l4xx_hal_qspi.c:1805:13:HAL_QSPI_FifoThresholdCallback	0	static
stm32l4xx_hal_qspi.c:1820:13:HAL_QSPI_StatusMatchCallback	0	static
stm32l4xx_hal_qspi.c:1835:13:HAL_QSPI_TimeOutCallback	0	static
stm32l4xx_hal_qspi.c:425:6:HAL_QSPI_IRQHandler	16	static
stm32l4xx_hal_qspi.c:1872:23:HAL_QSPI_GetState	0	static
stm32l4xx_hal_qspi.c:1883:10:HAL_QSPI_GetError	0	static
stm32l4xx_hal_qspi.c:1893:19:HAL_QSPI_Abort	16	static
stm32l4xx_hal_qspi.c:842:19:HAL_QSPI_Transmit	24	static
stm32l4xx_hal_qspi.c:928:19:HAL_QSPI_Receive	24	static
stm32l4xx_hal_qspi.c:1946:19:HAL_QSPI_Abort_IT	8	static
stm32l4xx_hal_qspi.c:1991:6:HAL_QSPI_SetTimeout	0	static
stm32l4xx_hal_qspi.c:2001:19:HAL_QSPI_SetFifoThreshold	0	static
stm32l4xx_hal_qspi.c:2033:10:HAL_QSPI_GetFifoThreshold	0	static
