stm32l4xx_hal_sd.c:2475:13:SD_DMATransmitCplt	0	static
stm32l4xx_hal_sd.c:3169:17:SD_FindSCR	64	static
stm32l4xx_hal_sd.c:490:13:HAL_SD_MspInit	0	static
stm32l4xx_hal_sd.c:505:13:HAL_SD_MspDeInit	0	static
stm32l4xx_hal_sd.c:459:19:HAL_SD_DeInit	8	static
stm32l4xx_hal_sd.c:546:19:HAL_SD_ReadBlocks	56	static
stm32l4xx_hal_sd.c:744:19:HAL_SD_WriteBlocks	48	static
stm32l4xx_hal_sd.c:926:19:HAL_SD_ReadBlocks_IT	56	static
stm32l4xx_hal_sd.c:1034:19:HAL_SD_WriteBlocks_IT	56	static
stm32l4xx_hal_sd.c:1151:19:HAL_SD_ReadBlocks_DMA	48	static
stm32l4xx_hal_sd.c:1285:19:HAL_SD_WriteBlocks_DMA	56	static
stm32l4xx_hal_sd.c:1423:19:HAL_SD_Erase	24	static
stm32l4xx_hal_sd.c:1754:21:HAL_SD_GetState	0	static
stm32l4xx_hal_sd.c:1765:10:HAL_SD_GetError	0	static
stm32l4xx_hal_sd.c:1775:14:HAL_SD_TxCpltCallback	0	static
stm32l4xx_hal_sd.c:1790:13:HAL_SD_RxCpltCallback	0	static
stm32l4xx_hal_sd.c:1805:13:HAL_SD_ErrorCallback	0	static
stm32l4xx_hal_sd.c:2488:13:SD_DMAReceiveCplt	16	static
stm32l4xx_hal_sd.c:2521:13:SD_DMAError	8	static
stm32l4xx_hal_sd.c:1820:13:HAL_SD_AbortCallback	0	static
stm32l4xx_hal_sd.c:2553:13:SD_DMATxAbort	16	static
stm32l4xx_hal_sd.c:2590:13:SD_DMARxAbort	16	static
stm32l4xx_hal_sd.c:1523:6:HAL_SD_IRQHandler	16	static
stm32l4xx_hal_sd.c:1858:19:HAL_SD_GetCardCID	8	static
stm32l4xx_hal_sd.c:1939:19:HAL_SD_GetCardCSD	20	static
stm32l4xx_hal_sd.c:382:19:HAL_SD_InitCard	112	static
stm32l4xx_hal_sd.c:306:19:HAL_SD_Init	120	static
stm32l4xx_hal_sd.c:2086:19:HAL_SD_GetCardStatus	120	static
stm32l4xx_hal_sd.c:2174:19:HAL_SD_GetCardInfo	16	static
stm32l4xx_hal_sd.c:2199:19:HAL_SD_ConfigWideBusOperation	64	static
stm32l4xx_hal_sd.c:2299:25:HAL_SD_GetCardState	8	static
stm32l4xx_hal_sd.c:2327:19:HAL_SD_Abort	8	static
stm32l4xx_hal_sd.c:2379:19:HAL_SD_Abort_IT	16	static
