stm32l4xx_hal_smbus.c:1868:26:SMBUS_Disable_IRQ	8	static
stm32l4xx_hal_smbus.c:369:13:HAL_SMBUS_MspInit	0	static
stm32l4xx_hal_smbus.c:232:19:HAL_SMBUS_Init	24	static
stm32l4xx_hal_smbus.c:385:13:HAL_SMBUS_MspDeInit	0	static
stm32l4xx_hal_smbus.c:334:19:HAL_SMBUS_DeInit	8	static
stm32l4xx_hal_smbus.c:404:19:HAL_SMBUS_ConfigAnalogFilter	4	static
stm32l4xx_hal_smbus.c:448:19:HAL_SMBUS_ConfigDigitalFilter	4	static
stm32l4xx_hal_smbus.c:551:19:HAL_SMBUS_Master_Transmit_IT	16	static
stm32l4xx_hal_smbus.c:644:19:HAL_SMBUS_Master_Receive_IT	16	static
stm32l4xx_hal_smbus.c:728:19:HAL_SMBUS_Master_Abort_IT	8	static
stm32l4xx_hal_smbus.c:789:19:HAL_SMBUS_Slave_Transmit_IT	16	static
stm32l4xx_hal_smbus.c:882:19:HAL_SMBUS_Slave_Receive_IT	16	static
stm32l4xx_hal_smbus.c:959:19:HAL_SMBUS_EnableListen_IT	0	static
stm32l4xx_hal_smbus.c:975:19:HAL_SMBUS_DisableListen_IT	0	static
stm32l4xx_hal_smbus.c:999:19:HAL_SMBUS_EnableAlert_IT	0	static
stm32l4xx_hal_smbus.c:1018:19:HAL_SMBUS_DisableAlert_IT	0	static
stm32l4xx_hal_smbus.c:1039:19:HAL_SMBUS_IsDeviceReady	40	static
stm32l4xx_hal_smbus.c:1227:13:HAL_SMBUS_MasterTxCpltCallback	0	static
stm32l4xx_hal_smbus.c:1243:13:HAL_SMBUS_MasterRxCpltCallback	0	static
stm32l4xx_hal_smbus.c:1258:13:HAL_SMBUS_SlaveTxCpltCallback	0	static
stm32l4xx_hal_smbus.c:1274:13:HAL_SMBUS_SlaveRxCpltCallback	0	static
stm32l4xx_hal_smbus.c:1292:13:HAL_SMBUS_AddrCallback	0	static
stm32l4xx_hal_smbus.c:1310:13:HAL_SMBUS_ListenCpltCallback	0	static
stm32l4xx_hal_smbus.c:1326:13:HAL_SMBUS_ErrorCallback	0	static
stm32l4xx_hal_smbus.c:1397:26:SMBUS_Master_ISR.part.1	16	static
stm32l4xx_hal_smbus.c:1609:26:SMBUS_Slave_ISR.part.2	16	static
stm32l4xx_hal_smbus.c:1161:6:HAL_SMBUS_EV_IRQHandler	16	static
stm32l4xx_hal_smbus.c:1216:6:HAL_SMBUS_ER_IRQHandler	16	static
stm32l4xx_hal_smbus.c:1361:10:HAL_SMBUS_GetState	0	static
stm32l4xx_hal_smbus.c:1373:10:HAL_SMBUS_GetError	0	static
