stm32l4xx_hal_nor.c:263:13:HAL_NOR_MspInit	0	static
stm32l4xx_hal_nor.c:189:19:HAL_NOR_Init	16	static
stm32l4xx_hal_nor.c:279:13:HAL_NOR_MspDeInit	0	static
stm32l4xx_hal_nor.c:240:19:HAL_NOR_DeInit	8	static
stm32l4xx_hal_nor.c:296:13:HAL_NOR_MspWait	0	static
stm32l4xx_hal_nor.c:332:19:HAL_NOR_Read_ID	48	static
stm32l4xx_hal_nor.c:392:19:HAL_NOR_ReturnToReadMode	4	static
stm32l4xx_hal_nor.c:442:19:HAL_NOR_Read	24	static
stm32l4xx_hal_nor.c:501:19:HAL_NOR_Program	20	static
stm32l4xx_hal_nor.c:562:19:HAL_NOR_ReadBuffer	28	static
stm32l4xx_hal_nor.c:632:19:HAL_NOR_ProgramBuffer	24	static
stm32l4xx_hal_nor.c:712:19:HAL_NOR_Erase_Block	20	static
stm32l4xx_hal_nor.c:771:19:HAL_NOR_Erase_Chip	20	static
stm32l4xx_hal_nor.c:832:19:HAL_NOR_Read_CFI	36	static
stm32l4xx_hal_nor.c:909:19:HAL_NOR_WriteOperation_Enable	16	static
stm32l4xx_hal_nor.c:932:19:HAL_NOR_WriteOperation_Disable	8	static
stm32l4xx_hal_nor.c:977:22:HAL_NOR_GetState	0	static
stm32l4xx_hal_nor.c:992:23:HAL_NOR_GetStatus	24	static
