stm32l4xx_hal_dac.c:404:13:HAL_DAC_MspInit	0	static
stm32l4xx_hal_dac.c:330:19:HAL_DAC_Init	8	static
stm32l4xx_hal_dac.c:420:13:HAL_DAC_MspDeInit	0	static
stm32l4xx_hal_dac.c:368:19:HAL_DAC_DeInit	8	static
stm32l4xx_hal_dac.c:462:19:HAL_DAC_Start	8	static
stm32l4xx_hal_dac.c:550:19:HAL_DAC_Stop	4	static
stm32l4xx_hal_dac.c:666:19:HAL_DAC_Start_DMA	24	static
stm32l4xx_hal_dac.c:788:19:HAL_DAC_Stop_DMA	8	static
stm32l4xx_hal_dac.c:930:19:HAL_DAC_SetValue	16	static
stm32l4xx_hal_dac.c:962:13:HAL_DAC_ConvCpltCallbackCh1	0	static
stm32l4xx_hal_dac.c:1325:13:DAC_DMAConvCpltCh1	8	static
stm32l4xx_hal_dac.c:978:13:HAL_DAC_ConvHalfCpltCallbackCh1	0	static
stm32l4xx_hal_dac.c:1340:13:DAC_DMAHalfConvCpltCh1	8	static
stm32l4xx_hal_dac.c:994:13:HAL_DAC_ErrorCallbackCh1	0	static
stm32l4xx_hal_dac.c:1353:13:DAC_DMAErrorCh1	8	static
stm32l4xx_hal_dac.c:1010:13:HAL_DAC_DMAUnderrunCallbackCh1	0	static
stm32l4xx_hal_dac.c:862:6:HAL_DAC_IRQHandler	8	static
stm32l4xx_hal_dac.c:1049:10:HAL_DAC_GetValue	0	static
stm32l4xx_hal_dac.c:1086:19:HAL_DAC_ConfigChannel	24	static
stm32l4xx_hal_dac.c:1289:22:HAL_DAC_GetState	0	static
stm32l4xx_hal_dac.c:1302:10:HAL_DAC_GetError	0	static
