stm32l4xx_hal_smartcard.c:2215:13:SMARTCARD_DMATransmitCplt	0	static
stm32l4xx_hal_smartcard.c:2439:13:SMARTCARD_TxISR	0	static
stm32l4xx_hal_smartcard.c:388:14:HAL_SMARTCARD_MspInit	0	static
stm32l4xx_hal_smartcard.c:286:19:HAL_SMARTCARD_Init	24	static
stm32l4xx_hal_smartcard.c:404:14:HAL_SMARTCARD_MspDeInit	0	static
stm32l4xx_hal_smartcard.c:347:19:HAL_SMARTCARD_DeInit	16	static
stm32l4xx_hal_smartcard.c:509:19:HAL_SMARTCARD_Transmit	32	static
stm32l4xx_hal_smartcard.c:594:19:HAL_SMARTCARD_Receive	32	static
stm32l4xx_hal_smartcard.c:659:19:HAL_SMARTCARD_Transmit_IT	4	static
stm32l4xx_hal_smartcard.c:750:19:HAL_SMARTCARD_Receive_IT	8	static
stm32l4xx_hal_smartcard.c:820:19:HAL_SMARTCARD_Transmit_DMA	24	static
stm32l4xx_hal_smartcard.c:894:19:HAL_SMARTCARD_Receive_DMA	24	static
stm32l4xx_hal_smartcard.c:959:19:HAL_SMARTCARD_Abort	16	static
stm32l4xx_hal_smartcard.c:1032:19:HAL_SMARTCARD_AbortTransmit	8	static
stm32l4xx_hal_smartcard.c:1091:19:HAL_SMARTCARD_AbortReceive	8	static
stm32l4xx_hal_smartcard.c:1717:14:HAL_SMARTCARD_TxCpltCallback	0	static
stm32l4xx_hal_smartcard.c:1733:13:HAL_SMARTCARD_RxCpltCallback	0	static
stm32l4xx_hal_smartcard.c:2547:13:SMARTCARD_RxISR	16	static
stm32l4xx_hal_smartcard.c:2234:13:SMARTCARD_DMAReceiveCplt	8	static
stm32l4xx_hal_smartcard.c:1749:13:HAL_SMARTCARD_ErrorCallback	0	static
stm32l4xx_hal_smartcard.c:2259:13:SMARTCARD_DMAError	8	static
stm32l4xx_hal_smartcard.c:1460:6:HAL_SMARTCARD_IRQHandler	16	static
stm32l4xx_hal_smartcard.c:2289:13:SMARTCARD_DMAAbortOnError	8	static
stm32l4xx_hal_smartcard.c:1765:13:HAL_SMARTCARD_AbortCpltCallback	0	static
stm32l4xx_hal_smartcard.c:1153:19:HAL_SMARTCARD_Abort_IT	16	static
stm32l4xx_hal_smartcard.c:2348:13:SMARTCARD_DMARxAbortCallback	16	static
stm32l4xx_hal_smartcard.c:2306:13:SMARTCARD_DMATxAbortCallback	16	static
stm32l4xx_hal_smartcard.c:1781:13:HAL_SMARTCARD_AbortTransmitCpltCallback	0	static
stm32l4xx_hal_smartcard.c:1289:19:HAL_SMARTCARD_AbortTransmit_IT	16	static
stm32l4xx_hal_smartcard.c:2390:13:SMARTCARD_DMATxOnlyAbortCallback	8	static
stm32l4xx_hal_smartcard.c:1797:13:HAL_SMARTCARD_AbortReceiveCpltCallback	0	static
stm32l4xx_hal_smartcard.c:1377:19:HAL_SMARTCARD_AbortReceive_IT	16	static
stm32l4xx_hal_smartcard.c:2414:13:SMARTCARD_DMARxOnlyAbortCallback	8	static
stm32l4xx_hal_smartcard.c:1836:28:HAL_SMARTCARD_GetState	0	static
stm32l4xx_hal_smartcard.c:1852:10:HAL_SMARTCARD_GetError	0	static
