stm32l4xx_hal_lptim.c:317:13:HAL_LPTIM_MspInit	0	static
stm32l4xx_hal_lptim.c:172:19:HAL_LPTIM_Init	24	static
stm32l4xx_hal_lptim.c:332:13:HAL_LPTIM_MspDeInit	0	static
stm32l4xx_hal_lptim.c:285:19:HAL_LPTIM_DeInit	8	static
stm32l4xx_hal_lptim.c:381:19:HAL_LPTIM_PWM_Start	4	static
stm32l4xx_hal_lptim.c:418:19:HAL_LPTIM_PWM_Stop	4	static
stm32l4xx_hal_lptim.c:445:19:HAL_LPTIM_PWM_Start_IT	12	static
stm32l4xx_hal_lptim.c:501:19:HAL_LPTIM_PWM_Stop_IT	4	static
stm32l4xx_hal_lptim.c:547:19:HAL_LPTIM_OnePulse_Start	4	static
stm32l4xx_hal_lptim.c:584:19:HAL_LPTIM_OnePulse_Stop	4	static
stm32l4xx_hal_lptim.c:611:19:HAL_LPTIM_OnePulse_Start_IT	12	static
stm32l4xx_hal_lptim.c:667:19:HAL_LPTIM_OnePulse_Stop_IT	4	static
stm32l4xx_hal_lptim.c:713:19:HAL_LPTIM_SetOnce_Start	4	static
stm32l4xx_hal_lptim.c:750:19:HAL_LPTIM_SetOnce_Stop	4	static
stm32l4xx_hal_lptim.c:777:19:HAL_LPTIM_SetOnce_Start_IT	12	static
stm32l4xx_hal_lptim.c:833:19:HAL_LPTIM_SetOnce_Stop_IT	4	static
stm32l4xx_hal_lptim.c:877:19:HAL_LPTIM_Encoder_Start	4	static
stm32l4xx_hal_lptim.c:936:19:HAL_LPTIM_Encoder_Stop	4	static
stm32l4xx_hal_lptim.c:964:19:HAL_LPTIM_Encoder_Start_IT	4	static
stm32l4xx_hal_lptim.c:1030:19:HAL_LPTIM_Encoder_Stop_IT	4	static
stm32l4xx_hal_lptim.c:1068:19:HAL_LPTIM_TimeOut_Start	4	static
stm32l4xx_hal_lptim.c:1105:19:HAL_LPTIM_TimeOut_Stop	4	static
stm32l4xx_hal_lptim.c:1137:19:HAL_LPTIM_TimeOut_Start_IT	4	static
stm32l4xx_hal_lptim.c:1177:19:HAL_LPTIM_TimeOut_Stop_IT	4	static
stm32l4xx_hal_lptim.c:1208:19:HAL_LPTIM_Counter_Start	4	static
stm32l4xx_hal_lptim.c:1247:19:HAL_LPTIM_Counter_Stop	4	static
stm32l4xx_hal_lptim.c:1272:19:HAL_LPTIM_Counter_Start_IT	4	static
stm32l4xx_hal_lptim.c:1317:19:HAL_LPTIM_Counter_Stop_IT	4	static
stm32l4xx_hal_lptim.c:1365:10:HAL_LPTIM_ReadCounter	0	static
stm32l4xx_hal_lptim.c:1378:10:HAL_LPTIM_ReadAutoReload	0	static
stm32l4xx_hal_lptim.c:1391:10:HAL_LPTIM_ReadCompare	0	static
stm32l4xx_hal_lptim.c:1523:13:HAL_LPTIM_CompareMatchCallback	0	static
stm32l4xx_hal_lptim.c:1538:13:HAL_LPTIM_AutoReloadMatchCallback	0	static
stm32l4xx_hal_lptim.c:1553:13:HAL_LPTIM_TriggerCallback	0	static
stm32l4xx_hal_lptim.c:1568:13:HAL_LPTIM_CompareWriteCallback	0	static
stm32l4xx_hal_lptim.c:1583:13:HAL_LPTIM_AutoReloadWriteCallback	0	static
stm32l4xx_hal_lptim.c:1598:13:HAL_LPTIM_DirectionUpCallback	0	static
stm32l4xx_hal_lptim.c:1613:13:HAL_LPTIM_DirectionDownCallback	0	static
stm32l4xx_hal_lptim.c:1424:6:HAL_LPTIM_IRQHandler	8	static
stm32l4xx_hal_lptim.c:1646:24:HAL_LPTIM_GetState	0	static
