stm32l4xx_hal_usart.c:2462:13:USART_TxISR_16BIT	0	static
stm32l4xx_hal_usart.c:2430:13:USART_TxISR_8BIT	0	static
stm32l4xx_hal_usart.c:314:14:HAL_USART_MspInit	0	static
stm32l4xx_hal_usart.c:231:19:HAL_USART_Init	24	static
stm32l4xx_hal_usart.c:329:14:HAL_USART_MspDeInit	0	static
stm32l4xx_hal_usart.c:280:19:HAL_USART_DeInit	16	static
stm32l4xx_hal_usart.c:426:19:HAL_USART_Transmit	32	static
stm32l4xx_hal_usart.c:507:19:HAL_USART_Receive	40	static
stm32l4xx_hal_usart.c:607:19:HAL_USART_TransmitReceive	40	static
stm32l4xx_hal_usart.c:731:19:HAL_USART_Transmit_IT	8	static
stm32l4xx_hal_usart.c:813:19:HAL_USART_Receive_IT	4	static
stm32l4xx_hal_usart.c:926:19:HAL_USART_TransmitReceive_IT	8	static
stm32l4xx_hal_usart.c:1029:19:HAL_USART_Transmit_DMA	24	static
stm32l4xx_hal_usart.c:1090:19:HAL_USART_Receive_DMA	24	static
stm32l4xx_hal_usart.c:1175:19:HAL_USART_TransmitReceive_DMA	24	static
stm32l4xx_hal_usart.c:1255:19:HAL_USART_DMAPause	0	static
stm32l4xx_hal_usart.c:1296:19:HAL_USART_DMAResume	0	static
stm32l4xx_hal_usart.c:1334:19:HAL_USART_DMAStop	8	static
stm32l4xx_hal_usart.c:1376:19:HAL_USART_Abort	16	static
stm32l4xx_hal_usart.c:1815:13:HAL_USART_TxCpltCallback	0	static
stm32l4xx_hal_usart.c:1996:13:USART_DMATransmitCplt	8	static
stm32l4xx_hal_usart.c:1830:14:HAL_USART_TxHalfCpltCallback	0	static
stm32l4xx_hal_usart.c:2030:13:USART_DMATxHalfCplt	8	static
stm32l4xx_hal_usart.c:1845:13:HAL_USART_RxCpltCallback	0	static
stm32l4xx_hal_usart.c:1860:13:HAL_USART_RxHalfCpltCallback	0	static
stm32l4xx_hal_usart.c:2093:13:USART_DMARxHalfCplt	8	static
stm32l4xx_hal_usart.c:1875:13:HAL_USART_TxRxCpltCallback	0	static
stm32l4xx_hal_usart.c:2617:13:USART_RxISR_8BIT	8	static
stm32l4xx_hal_usart.c:2688:13:USART_RxISR_16BIT	8	static
stm32l4xx_hal_usart.c:2042:13:USART_DMAReceiveCplt	8	static
stm32l4xx_hal_usart.c:1890:13:HAL_USART_ErrorCallback	0	static
stm32l4xx_hal_usart.c:2105:13:USART_DMAError	8	static
stm32l4xx_hal_usart.c:1591:6:HAL_USART_IRQHandler	16	static
stm32l4xx_hal_usart.c:2125:13:USART_DMAAbortOnError	8	static
stm32l4xx_hal_usart.c:1905:13:HAL_USART_AbortCpltCallback	0	static
stm32l4xx_hal_usart.c:1460:19:HAL_USART_Abort_IT	8	static
stm32l4xx_hal_usart.c:2183:13:USART_DMARxAbortCallback	16	static
stm32l4xx_hal_usart.c:2142:13:USART_DMATxAbortCallback	16	static
stm32l4xx_hal_usart.c:1942:24:HAL_USART_GetState	0	static
stm32l4xx_hal_usart.c:1953:10:HAL_USART_GetError	0	static
