stm32l4xx_hal_tsc.c:329:13:HAL_TSC_MspInit	0	static
stm32l4xx_hal_tsc.c:208:19:HAL_TSC_Init	24	static
stm32l4xx_hal_tsc.c:345:13:HAL_TSC_MspDeInit	0	static
stm32l4xx_hal_tsc.c:296:19:HAL_TSC_DeInit	8	static
stm32l4xx_hal_tsc.c:384:19:HAL_TSC_Start	8	static
stm32l4xx_hal_tsc.c:427:19:HAL_TSC_Start_IT	4	static
stm32l4xx_hal_tsc.c:481:19:HAL_TSC_Stop	12	static
stm32l4xx_hal_tsc.c:514:19:HAL_TSC_Stop_IT	12	static
stm32l4xx_hal_tsc.c:552:19:HAL_TSC_PollForAcquisition	4	static
stm32l4xx_hal_tsc.c:579:24:HAL_TSC_GroupGetStatus	0	static
stm32l4xx_hal_tsc.c:596:10:HAL_TSC_GroupGetValue	0	static
stm32l4xx_hal_tsc.c:631:19:HAL_TSC_IOConfig	16	static
stm32l4xx_hal_tsc.c:668:19:HAL_TSC_IODischarge	0	static
stm32l4xx_hal_tsc.c:717:22:HAL_TSC_GetState	0	static
stm32l4xx_hal_tsc.c:796:13:HAL_TSC_ConvCpltCallback	0	static
stm32l4xx_hal_tsc.c:812:13:HAL_TSC_ErrorCallback	0	static
stm32l4xx_hal_tsc.c:759:6:HAL_TSC_IRQHandler	8	static
