stm32l4xx_hal_sai.c:683:13:HAL_SAI_MspInit	0	static
stm32l4xx_hal_sai.c:330:19:HAL_SAI_Init	32	static
stm32l4xx_hal_sai.c:291:19:HAL_SAI_InitProtocol	16	static
stm32l4xx_hal_sai.c:699:13:HAL_SAI_MspDeInit	0	static
stm32l4xx_hal_sai.c:630:19:HAL_SAI_DeInit	16	static
stm32l4xx_hal_sai.c:767:19:HAL_SAI_Transmit	24	static
stm32l4xx_hal_sai.c:867:19:HAL_SAI_Receive	24	static
stm32l4xx_hal_sai.c:964:19:HAL_SAI_Transmit_IT	12	static
stm32l4xx_hal_sai.c:1026:19:HAL_SAI_Receive_IT	8	static
stm32l4xx_hal_sai.c:1084:19:HAL_SAI_DMAPause	0	static
stm32l4xx_hal_sai.c:1104:19:HAL_SAI_DMAResume	0	static
stm32l4xx_hal_sai.c:1131:19:HAL_SAI_DMAStop	16	static
stm32l4xx_hal_sai.c:1176:19:HAL_SAI_Abort	16	static
stm32l4xx_hal_sai.c:1231:19:HAL_SAI_Transmit_DMA	32	static
stm32l4xx_hal_sai.c:1318:19:HAL_SAI_Receive_DMA	24	static
stm32l4xx_hal_sai.c:1387:19:HAL_SAI_EnableTxMuteMode	0	static
stm32l4xx_hal_sai.c:1406:19:HAL_SAI_DisableTxMuteMode	0	static
stm32l4xx_hal_sai.c:1424:19:HAL_SAI_EnableRxMuteMode	4	static
stm32l4xx_hal_sai.c:1447:19:HAL_SAI_DisableRxMuteMode	0	static
stm32l4xx_hal_sai.c:1642:13:HAL_SAI_TxCpltCallback	0	static
stm32l4xx_hal_sai.c:2031:13:SAI_Transmit_IT8Bit	16	static
stm32l4xx_hal_sai.c:2184:13:SAI_DMATxCplt	16	static
stm32l4xx_hal_sai.c:2055:13:SAI_Transmit_IT16Bit	16	static
stm32l4xx_hal_sai.c:2080:13:SAI_Transmit_IT32Bit	16	static
stm32l4xx_hal_sai.c:1658:13:HAL_SAI_TxHalfCpltCallback	0	static
stm32l4xx_hal_sai.c:2209:13:SAI_DMATxHalfCplt	8	static
stm32l4xx_hal_sai.c:1674:13:HAL_SAI_RxCpltCallback	0	static
stm32l4xx_hal_sai.c:2157:13:SAI_Receive_IT32Bit	16	static
stm32l4xx_hal_sai.c:2131:13:SAI_Receive_IT16Bit	16	static
stm32l4xx_hal_sai.c:2105:13:SAI_Receive_IT8Bit	16	static
stm32l4xx_hal_sai.c:2222:13:SAI_DMARxCplt	16	static
stm32l4xx_hal_sai.c:1690:13:HAL_SAI_RxHalfCpltCallback	0	static
stm32l4xx_hal_sai.c:2245:13:SAI_DMARxHalfCplt	8	static
stm32l4xx_hal_sai.c:1706:13:HAL_SAI_ErrorCallback	0	static
stm32l4xx_hal_sai.c:2257:13:SAI_DMAError	16	static
stm32l4xx_hal_sai.c:1466:6:HAL_SAI_IRQHandler	24	static
stm32l4xx_hal_sai.c:2286:13:SAI_DMAAbort	16	static
stm32l4xx_hal_sai.c:1742:22:HAL_SAI_GetState	0	static
stm32l4xx_hal_sai.c:1753:10:HAL_SAI_GetError	0	static
