stm32l4xx_hal_can.c:347:19:HAL_CAN_ConfigFilter	16	static
stm32l4xx_hal_can.c:486:13:HAL_CAN_MspInit	0	static
stm32l4xx_hal_can.c:164:19:HAL_CAN_Init	16	static
stm32l4xx_hal_can.c:502:13:HAL_CAN_MspDeInit	0	static
stm32l4xx_hal_can.c:453:19:HAL_CAN_DeInit	8	static
stm32l4xx_hal_can.c:540:19:HAL_CAN_Transmit	40	static
stm32l4xx_hal_can.c:667:19:HAL_CAN_Transmit_IT	16	static
stm32l4xx_hal_can.c:779:19:HAL_CAN_Receive	24	static
stm32l4xx_hal_can.c:882:19:HAL_CAN_Receive_IT	4	static
stm32l4xx_hal_can.c:948:19:HAL_CAN_Sleep	16	static
stm32l4xx_hal_can.c:1003:19:HAL_CAN_WakeUp	16	static
stm32l4xx_hal_can.c:1223:13:HAL_CAN_TxCpltCallback	0	static
stm32l4xx_hal_can.c:1239:13:HAL_CAN_RxCpltCallback	0	static
stm32l4xx_hal_can.c:1255:13:HAL_CAN_ErrorCallback	0	static
stm32l4xx_hal_can.c:1055:6:HAL_CAN_IRQHandler	24	static
stm32l4xx_hal_can.c:1291:22:HAL_CAN_GetState	0	static
stm32l4xx_hal_can.c:1303:10:HAL_CAN_GetError	0	static
