stm32l4xx_hal_adc.c:836:13:HAL_ADC_MspInit	0	static
stm32l4xx_hal_adc.c:372:19:HAL_ADC_Init	32	static
stm32l4xx_hal_adc.c:853:13:HAL_ADC_MspDeInit	0	static
stm32l4xx_hal_adc.c:898:19:HAL_ADC_Start	16	static
stm32l4xx_hal_adc.c:1067:19:HAL_ADC_PollForConversion	24	static
stm32l4xx_hal_adc.c:1217:19:HAL_ADC_PollForEvent	24	static
stm32l4xx_hal_adc.c:1361:19:HAL_ADC_Start_IT	16	static
stm32l4xx_hal_adc.c:1585:19:HAL_ADC_Start_DMA	24	static
stm32l4xx_hal_adc.c:1793:10:HAL_ADC_GetValue	0	static
stm32l4xx_hal_adc.c:2120:13:HAL_ADC_ConvCpltCallback	0	static
stm32l4xx_hal_adc.c:2135:13:HAL_ADC_ConvHalfCpltCallback	0	static
stm32l4xx_hal_adc.c:3071:6:ADC_DMAHalfConvCplt	8	static
stm32l4xx_hal_adc.c:2150:13:HAL_ADC_LevelOutOfWindowCallback	0	static
stm32l4xx_hal_adc.c:2172:13:HAL_ADC_ErrorCallback	0	static
stm32l4xx_hal_adc.c:1810:6:HAL_ADC_IRQHandler	16	static
stm32l4xx_hal_adc.c:3001:6:ADC_DMAConvCplt	8	static
stm32l4xx_hal_adc.c:3085:6:ADC_DMAError	8	static
stm32l4xx_hal_adc.c:2218:19:HAL_ADC_ConfigChannel	32	static
stm32l4xx_hal_adc.c:2513:19:HAL_ADC_AnalogWDGConfig	20	static
stm32l4xx_hal_adc.c:2720:10:HAL_ADC_GetState	0	static
stm32l4xx_hal_adc.c:2734:10:HAL_ADC_GetError	0	static
stm32l4xx_hal_adc.c:2764:19:ADC_ConversionStop	16	static
stm32l4xx_hal_adc.c:657:19:HAL_ADC_DeInit	24	static
stm32l4xx_hal_adc.c:1013:19:HAL_ADC_Stop	16	static
stm32l4xx_hal_adc.c:1532:19:HAL_ADC_Stop_IT	16	static
stm32l4xx_hal_adc.c:1711:19:HAL_ADC_Stop_DMA	16	static
stm32l4xx_hal_adc.c:2884:19:ADC_Enable	16	static
stm32l4xx_hal_adc.c:2947:19:ADC_Disable	16	static
