Archive member included to satisfy reference by file (symbol)

c:/program files (x86)/atollic/truestudio for stm32 9.0.1/armtools/bin/../lib/gcc/arm-atollic-eabi/6.3.1/../../../../arm-atollic-eabi/lib/armv7e-m/fpu\libc_nano.a(lib_a-errno.o)
                              src\syscalls.o (__errno)
c:/program files (x86)/atollic/truestudio for stm32 9.0.1/armtools/bin/../lib/gcc/arm-atollic-eabi/6.3.1/../../../../arm-atollic-eabi/lib/armv7e-m/fpu\libc_nano.a(lib_a-impure.o)
                              c:/program files (x86)/atollic/truestudio for stm32 9.0.1/armtools/bin/../lib/gcc/arm-atollic-eabi/6.3.1/../../../../arm-atollic-eabi/lib/armv7e-m/fpu\libc_nano.a(lib_a-errno.o) (_impure_ptr)
c:/program files (x86)/atollic/truestudio for stm32 9.0.1/armtools/bin/../lib/gcc/arm-atollic-eabi/6.3.1/../../../../arm-atollic-eabi/lib/armv7e-m/fpu\libc_nano.a(lib_a-init.o)
                              startup\startup_stm32l476xx.o (__libc_init_array)
c:/program files (x86)/atollic/truestudio for stm32 9.0.1/armtools/bin/../lib/gcc/arm-atollic-eabi/6.3.1/../../../../arm-atollic-eabi/lib/armv7e-m/fpu\libc_nano.a(lib_a-malloc.o)
                              Utilities\STM32L476G-Discovery\stm32l476g_discovery_audio.o (malloc)
c:/program files (x86)/atollic/truestudio for stm32 9.0.1/armtools/bin/../lib/gcc/arm-atollic-eabi/6.3.1/../../../../arm-atollic-eabi/lib/armv7e-m/fpu\libc_nano.a(lib_a-memcpy-stub.o)
                              Utilities\Components\m24sr\m24sr.o (memcpy)
c:/program files (x86)/atollic/truestudio for stm32 9.0.1/armtools/bin/../lib/gcc/arm-atollic-eabi/6.3.1/../../../../arm-atollic-eabi/lib/armv7e-m/fpu\libc_nano.a(lib_a-memset.o)
                              Utilities\STM32L476G-Discovery\stm32l476g_discovery_audio.o (memset)
c:/program files (x86)/atollic/truestudio for stm32 9.0.1/armtools/bin/../lib/gcc/arm-atollic-eabi/6.3.1/../../../../arm-atollic-eabi/lib/armv7e-m/fpu\libc_nano.a(lib_a-nano-freer.o)
                              c:/program files (x86)/atollic/truestudio for stm32 9.0.1/armtools/bin/../lib/gcc/arm-atollic-eabi/6.3.1/../../../../arm-atollic-eabi/lib/armv7e-m/fpu\libc_nano.a(lib_a-malloc.o) (_free_r)
c:/program files (x86)/atollic/truestudio for stm32 9.0.1/armtools/bin/../lib/gcc/arm-atollic-eabi/6.3.1/../../../../arm-atollic-eabi/lib/armv7e-m/fpu\libc_nano.a(lib_a-nano-mallocr.o)
                              c:/program files (x86)/atollic/truestudio for stm32 9.0.1/armtools/bin/../lib/gcc/arm-atollic-eabi/6.3.1/../../../../arm-atollic-eabi/lib/armv7e-m/fpu\libc_nano.a(lib_a-malloc.o) (_malloc_r)
c:/program files (x86)/atollic/truestudio for stm32 9.0.1/armtools/bin/../lib/gcc/arm-atollic-eabi/6.3.1/../../../../arm-atollic-eabi/lib/armv7e-m/fpu\libc_nano.a(lib_a-sbrkr.o)
                              c:/program files (x86)/atollic/truestudio for stm32 9.0.1/armtools/bin/../lib/gcc/arm-atollic-eabi/6.3.1/../../../../arm-atollic-eabi/lib/armv7e-m/fpu\libc_nano.a(lib_a-nano-mallocr.o) (_sbrk_r)
c:/program files (x86)/atollic/truestudio for stm32 9.0.1/armtools/bin/../lib/gcc/arm-atollic-eabi/6.3.1/../../../../arm-atollic-eabi/lib/armv7e-m/fpu\libc_nano.a(lib_a-mlock.o)
                              c:/program files (x86)/atollic/truestudio for stm32 9.0.1/armtools/bin/../lib/gcc/arm-atollic-eabi/6.3.1/../../../../arm-atollic-eabi/lib/armv7e-m/fpu\libc_nano.a(lib_a-nano-freer.o) (__malloc_lock)
c:/program files (x86)/atollic/truestudio for stm32 9.0.1/armtools/bin/../lib/gcc/arm-atollic-eabi/6.3.1/../../../../arm-atollic-eabi/lib/armv7e-m/fpu\libc_nano.a(lib_a-reent.o)
                              c:/program files (x86)/atollic/truestudio for stm32 9.0.1/armtools/bin/../lib/gcc/arm-atollic-eabi/6.3.1/../../../../arm-atollic-eabi/lib/armv7e-m/fpu\libc_nano.a(lib_a-sbrkr.o) (errno)
c:/program files (x86)/atollic/truestudio for stm32 9.0.1/armtools/bin/../lib/gcc/arm-atollic-eabi/6.3.1/armv7e-m/fpu\libgcc.a(_aeabi_uldivmod.o)
                              HAL_Driver\Src\stm32l4xx_hal_uart.o (__aeabi_uldivmod)
c:/program files (x86)/atollic/truestudio for stm32 9.0.1/armtools/bin/../lib/gcc/arm-atollic-eabi/6.3.1/armv7e-m/fpu\libgcc.a(_udivmoddi4.o)
                              c:/program files (x86)/atollic/truestudio for stm32 9.0.1/armtools/bin/../lib/gcc/arm-atollic-eabi/6.3.1/armv7e-m/fpu\libgcc.a(_aeabi_uldivmod.o) (__udivmoddi4)
c:/program files (x86)/atollic/truestudio for stm32 9.0.1/armtools/bin/../lib/gcc/arm-atollic-eabi/6.3.1/armv7e-m/fpu\libgcc.a(_dvmd_tls.o)
                              c:/program files (x86)/atollic/truestudio for stm32 9.0.1/armtools/bin/../lib/gcc/arm-atollic-eabi/6.3.1/armv7e-m/fpu\libgcc.a(_aeabi_uldivmod.o) (__aeabi_ldiv0)

Allocating common symbols
Common symbol       size              file

Digit               0x10              Utilities\STM32L476G-Discovery\stm32l476g_discovery_glass_lcd.o
GPIOB_Config        0x14              src\GPIO_lights.o
[...]
Memory Configuration

Name             Origin             Length             Attributes
FLASH            0x08000000         0x00100000         xr
RAM              0x20000000         0x00018000         xrw
*default*        0x00000000         0xffffffff

Linker script and memory map

LOAD c:/program files (x86)/atollic/truestudio for stm32 9.0.1/armtools/bin/../lib/gcc/arm-atollic-eabi/6.3.1/armv7e-m/fpu/crti.o
LOAD c:/program files (x86)/atollic/truestudio for stm32 9.0.1/armtools/bin/../lib/gcc/arm-atollic-eabi/6.3.1/armv7e-m/fpu/crtbegin.o
LOAD HAL_Driver\Src\stm32l4xx_hal.o
LOAD HAL_Driver\Src\stm32l4xx_hal_adc.o
LOAD HAL_Driver\Src\stm32l4xx_hal_adc_ex.o
LOAD HAL_Driver\Src\stm32l4xx_hal_can.o
LOAD HAL_Driver\Src\stm32l4xx_hal_comp.o
LOAD HAL_Driver\Src\stm32l4xx_hal_cortex.o
LOAD HAL_Driver\Src\stm32l4xx_hal_crc.o
LOAD HAL_Driver\Src\stm32l4xx_hal_crc_ex.o
LOAD HAL_Driver\Src\stm32l4xx_hal_cryp.o
LOAD HAL_Driver\Src\stm32l4xx_hal_cryp_ex.o
LOAD HAL_Driver\Src\stm32l4xx_hal_dac.o
LOAD HAL_Driver\Src\stm32l4xx_hal_dac_ex.o
LOAD HAL_Driver\Src\stm32l4xx_hal_dcmi.o
LOAD HAL_Driver\Src\stm32l4xx_hal_dfsdm.o
LOAD HAL_Driver\Src\stm32l4xx_hal_dfsdm_ex.o
LOAD HAL_Driver\Src\stm32l4xx_hal_dma.o
LOAD HAL_Driver\Src\stm32l4xx_hal_dma2d.o
LOAD HAL_Driver\Src\stm32l4xx_hal_dma_ex.o
LOAD HAL_Driver\Src\stm32l4xx_hal_dsi.o
LOAD HAL_Driver\Src\stm32l4xx_hal_firewall.o
LOAD HAL_Driver\Src\stm32l4xx_hal_flash.o
LOAD HAL_Driver\Src\stm32l4xx_hal_flash_ex.o
LOAD HAL_Driver\Src\stm32l4xx_hal_flash_ramfunc.o
LOAD HAL_Driver\Src\stm32l4xx_hal_gfxmmu.o
LOAD HAL_Driver\Src\stm32l4xx_hal_gpio.o
LOAD HAL_Driver\Src\stm32l4xx_hal_hash.o
LOAD HAL_Driver\Src\stm32l4xx_hal_hash_ex.o
LOAD HAL_Driver\Src\stm32l4xx_hal_hcd.o
LOAD HAL_Driver\Src\stm32l4xx_hal_i2c.o
LOAD HAL_Driver\Src\stm32l4xx_hal_i2c_ex.o
LOAD HAL_Driver\Src\stm32l4xx_hal_irda.o
LOAD HAL_Driver\Src\stm32l4xx_hal_iwdg.o
LOAD HAL_Driver\Src\stm32l4xx_hal_lcd.o
LOAD HAL_Driver\Src\stm32l4xx_hal_lptim.o
LOAD HAL_Driver\Src\stm32l4xx_hal_ltdc.o
LOAD HAL_Driver\Src\stm32l4xx_hal_ltdc_ex.o
LOAD HAL_Driver\Src\stm32l4xx_hal_msp_template.o
LOAD HAL_Driver\Src\stm32l4xx_hal_nand.o
LOAD HAL_Driver\Src\stm32l4xx_hal_nor.o
LOAD HAL_Driver\Src\stm32l4xx_hal_opamp.o
LOAD HAL_Driver\Src\stm32l4xx_hal_opamp_ex.o
LOAD HAL_Driver\Src\stm32l4xx_hal_ospi.o
LOAD HAL_Driver\Src\stm32l4xx_hal_pcd.o
LOAD HAL_Driver\Src\stm32l4xx_hal_pcd_ex.o
LOAD HAL_Driver\Src\stm32l4xx_hal_pwr.o
LOAD HAL_Driver\Src\stm32l4xx_hal_pwr_ex.o
LOAD HAL_Driver\Src\stm32l4xx_hal_qspi.o
LOAD HAL_Driver\Src\stm32l4xx_hal_rcc.o
LOAD HAL_Driver\Src\stm32l4xx_hal_rcc_ex.o
LOAD HAL_Driver\Src\stm32l4xx_hal_rng.o
LOAD HAL_Driver\Src\stm32l4xx_hal_rtc.o
LOAD HAL_Driver\Src\stm32l4xx_hal_rtc_ex.o
LOAD HAL_Driver\Src\stm32l4xx_hal_sai.o
LOAD HAL_Driver\Src\stm32l4xx_hal_sai_ex.o
LOAD HAL_Driver\Src\stm32l4xx_hal_sd.o
LOAD HAL_Driver\Src\stm32l4xx_hal_sd_ex.o
LOAD HAL_Driver\Src\stm32l4xx_hal_smartcard.o
LOAD HAL_Driver\Src\stm32l4xx_hal_smartcard_ex.o
LOAD HAL_Driver\Src\stm32l4xx_hal_smbus.o
LOAD HAL_Driver\Src\stm32l4xx_hal_spi.o
LOAD HAL_Driver\Src\stm32l4xx_hal_spi_ex.o
LOAD HAL_Driver\Src\stm32l4xx_hal_sram.o
LOAD HAL_Driver\Src\stm32l4xx_hal_swpmi.o
LOAD HAL_Driver\Src\stm32l4xx_hal_tim.o
LOAD HAL_Driver\Src\stm32l4xx_hal_tim_ex.o
LOAD HAL_Driver\Src\stm32l4xx_hal_timebase_tim_template.o
LOAD HAL_Driver\Src\stm32l4xx_hal_tsc.o
LOAD HAL_Driver\Src\stm32l4xx_hal_uart.o
LOAD HAL_Driver\Src\stm32l4xx_hal_uart_ex.o
LOAD HAL_Driver\Src\stm32l4xx_hal_usart.o
LOAD HAL_Driver\Src\stm32l4xx_hal_usart_ex.o
LOAD HAL_Driver\Src\stm32l4xx_hal_wwdg.o
LOAD HAL_Driver\Src\stm32l4xx_ll_adc.o
LOAD HAL_Driver\Src\stm32l4xx_ll_comp.o
LOAD HAL_Driver\Src\stm32l4xx_ll_crc.o
LOAD HAL_Driver\Src\stm32l4xx_ll_crs.o
LOAD HAL_Driver\Src\stm32l4xx_ll_dac.o
LOAD HAL_Driver\Src\stm32l4xx_ll_dma.o
LOAD HAL_Driver\Src\stm32l4xx_ll_dma2d.o
LOAD HAL_Driver\Src\stm32l4xx_ll_exti.o
LOAD HAL_Driver\Src\stm32l4xx_ll_fmc.o
LOAD HAL_Driver\Src\stm32l4xx_ll_gpio.o
LOAD HAL_Driver\Src\stm32l4xx_ll_i2c.o
LOAD HAL_Driver\Src\stm32l4xx_ll_lptim.o
LOAD HAL_Driver\Src\stm32l4xx_ll_lpuart.o
LOAD HAL_Driver\Src\stm32l4xx_ll_opamp.o
LOAD HAL_Driver\Src\stm32l4xx_ll_pwr.o
LOAD HAL_Driver\Src\stm32l4xx_ll_rcc.o
LOAD HAL_Driver\Src\stm32l4xx_ll_rng.o
LOAD HAL_Driver\Src\stm32l4xx_ll_rtc.o
LOAD HAL_Driver\Src\stm32l4xx_ll_sdmmc.o
LOAD HAL_Driver\Src\stm32l4xx_ll_spi.o
LOAD HAL_Driver\Src\stm32l4xx_ll_swpmi.o
LOAD HAL_Driver\Src\stm32l4xx_ll_tim.o
LOAD HAL_Driver\Src\stm32l4xx_ll_usart.o
LOAD HAL_Driver\Src\stm32l4xx_ll_usb.o
LOAD HAL_Driver\Src\stm32l4xx_ll_utils.o
LOAD Utilities\Components\cs42l51\cs42l51.o
LOAD Utilities\Components\cs43l22\cs43l22.o
LOAD Utilities\Components\ft6x06\ft6x06.o
LOAD Utilities\Components\hts221\hts221.o
LOAD Utilities\Components\hx8347g\hx8347g.o
LOAD Utilities\Components\l3gd20\l3gd20.o
LOAD Utilities\Components\lis3mdl\lis3mdl.o
LOAD Utilities\Components\lps22hb\lps22hb.o
LOAD Utilities\Components\ls016b8uy\ls016b8uy.o
LOAD Utilities\Components\lsm303c\lsm303c.o
LOAD Utilities\Components\lsm303dlhc\lsm303dlhc.o
LOAD Utilities\Components\lsm6dsl\lsm6dsl.o
LOAD Utilities\Components\m24sr\m24sr.o
LOAD Utilities\Components\mfxstm32l152\mfxstm32l152.o
LOAD Utilities\Components\ov9655\ov9655.o
LOAD Utilities\Components\st7735\st7735.o
LOAD Utilities\Components\st7789h2\st7789h2.o
LOAD Utilities\Components\stmpe1600\stmpe1600.o
LOAD Utilities\Components\stmpe811\stmpe811.o
LOAD Utilities\Components\wm8994\wm8994.o
LOAD Utilities\STM32L476G-Discovery\stm32l476g_discovery.o
LOAD Utilities\STM32L476G-Discovery\stm32l476g_discovery_audio.o
LOAD Utilities\STM32L476G-Discovery\stm32l476g_discovery_compass.o
LOAD Utilities\STM32L476G-Discovery\stm32l476g_discovery_glass_lcd.o
LOAD Utilities\STM32L476G-Discovery\stm32l476g_discovery_gyroscope.o
LOAD Utilities\STM32L476G-Discovery\stm32l476g_discovery_idd.o
LOAD Utilities\STM32L476G-Discovery\stm32l476g_discovery_qspi.o
LOAD src\GPIO_lights.o
LOAD src\stm32l4xx_it.o
LOAD src\syscalls.o
LOAD src\system_stm32l4xx.o
LOAD startup\startup_stm32l476xx.o
                0x00000080                malloc_getpagesize_P = 0x80
START GROUP
LOAD c:/program files (x86)/atollic/truestudio for stm32 9.0.1/armtools/bin/../lib/gcc/arm-atollic-eabi/6.3.1/../../../../arm-atollic-eabi/lib/armv7e-m/fpu\libc_nano.a
LOAD c:/program files (x86)/atollic/truestudio for stm32 9.0.1/armtools/bin/../lib/gcc/arm-atollic-eabi/6.3.1/../../../../arm-atollic-eabi/lib/armv7e-m/fpu\libm.a
END GROUP
START GROUP
LOAD c:/program files (x86)/atollic/truestudio for stm32 9.0.1/armtools/bin/../lib/gcc/arm-atollic-eabi/6.3.1/armv7e-m/fpu\libgcc.a
LOAD c:/program files (x86)/atollic/truestudio for stm32 9.0.1/armtools/bin/../lib/gcc/arm-atollic-eabi/6.3.1/../../../../arm-atollic-eabi/lib/armv7e-m/fpu\libc_nano.a
END GROUP
START GROUP
LOAD c:/program files (x86)/atollic/truestudio for stm32 9.0.1/armtools/bin/../lib/gcc/arm-atollic-eabi/6.3.1/armv7e-m/fpu\libgcc.a
LOAD c:/program files (x86)/atollic/truestudio for stm32 9.0.1/armtools/bin/../lib/gcc/arm-atollic-eabi/6.3.1/../../../../arm-atollic-eabi/lib/armv7e-m/fpu\libc_nano.a
LOAD c:/program files (x86)/atollic/truestudio for stm32 9.0.1/armtools/bin/../lib/gcc/arm-atollic-eabi/6.3.1/../../../../arm-atollic-eabi/lib/armv7e-m/fpu\libnosys.a
END GROUP
START GROUP
LOAD c:/program files (x86)/atollic/truestudio for stm32 9.0.1/armtools/bin/../lib/gcc/arm-atollic-eabi/6.3.1/armv7e-m/fpu\libgcc.a
LOAD c:/program files (x86)/atollic/truestudio for stm32 9.0.1/armtools/bin/../lib/gcc/arm-atollic-eabi/6.3.1/../../../../arm-atollic-eabi/lib/armv7e-m/fpu\libc_nano.a
LOAD c:/program files (x86)/atollic/truestudio for stm32 9.0.1/armtools/bin/../lib/gcc/arm-atollic-eabi/6.3.1/../../../../arm-atollic-eabi/lib/armv7e-m/fpu\libnosys.a
END GROUP
LOAD c:/program files (x86)/atollic/truestudio for stm32 9.0.1/armtools/bin/../lib/gcc/arm-atollic-eabi/6.3.1/armv7e-m/fpu/crtend.o
LOAD c:/program files (x86)/atollic/truestudio for stm32 9.0.1/armtools/bin/../lib/gcc/arm-atollic-eabi/6.3.1/armv7e-m/fpu/crtn.o
                0x20018000                _estack = 0x20018000
                0x00000200                _Min_Heap_Size = 0x200
                0x00000400                _Min_Stack_Size = 0x400

.isr_vector     0x08000000      0x188
                0x08000000                . = ALIGN (0x8)
 *(.isr_vector)
 .isr_vector    0x08000000      0x188 startup\startup_stm32l476xx.o
                0x08000000                g_pfnVectors
                0x08000188                . = ALIGN (0x8)

.text           0x08000188      0x660
                0x08000188                . = ALIGN (0x8)
 *(.text)
 .text          0x08000188       0x40 c:/program files (x86)/atollic/truestudio for stm32 9.0.1/armtools/bin/../lib/gcc/arm-atollic-eabi/6.3.1/armv7e-m/fpu/crtbegin.o
 *(.text*)
 .text.HAL_Init
                0x080001c8       0x18 HAL_Driver\Src\stm32l4xx_hal.o
                0x080001c8                HAL_Init
 .text.HAL_IncTick
                0x080001e0       0x10 HAL_Driver\Src\stm32l4xx_hal.o
                0x080001e0                HAL_IncTick
 .text.HAL_GetTick
                0x080001f0        0xc HAL_Driver\Src\stm32l4xx_hal.o
                0x080001f0                HAL_GetTick
 .text.HAL_Delay
                0x080001fc       0x1c HAL_Driver\Src\stm32l4xx_hal.o
                0x080001fc                HAL_Delay
 .text.HAL_NVIC_SetPriorityGrouping
                0x08000218       0x24 HAL_Driver\Src\stm32l4xx_hal_cortex.o
                0x08000218                HAL_NVIC_SetPriorityGrouping
 .text.HAL_NVIC_SetPriority
                0x0800023c       0x6c HAL_Driver\Src\stm32l4xx_hal_cortex.o
                0x0800023c                HAL_NVIC_SetPriority
 .text.HAL_NVIC_EnableIRQ
                0x080002a8       0x18 HAL_Driver\Src\stm32l4xx_hal_cortex.o
                0x080002a8                HAL_NVIC_EnableIRQ
 .text.HAL_SYSTICK_Callback
                0x080002c0        0x4 HAL_Driver\Src\stm32l4xx_hal_cortex.o
                0x080002c0                HAL_SYSTICK_Callback
 .text.HAL_SYSTICK_IRQHandler
                0x080002c4        0x8 HAL_Driver\Src\stm32l4xx_hal_cortex.o
                0x080002c4                HAL_SYSTICK_IRQHandler
 .text.HAL_GPIO_WritePin
                0x080002cc        0xc HAL_Driver\Src\stm32l4xx_hal_gpio.o
                0x080002cc                HAL_GPIO_WritePin
 .text.HAL_MspInit
                0x080002d8        0x4 HAL_Driver\Src\stm32l4xx_hal_msp_template.o
                0x080002d8                HAL_MspInit
 .text.HAL_RCC_GetPCLK1Freq
                0x080002dc       0x20 HAL_Driver\Src\stm32l4xx_hal_rcc.o
                0x080002dc                HAL_RCC_GetPCLK1Freq
 .text.HAL_RCC_GetClockConfig
                0x080002fc       0x44 HAL_Driver\Src\stm32l4xx_hal_rcc.o
                0x080002fc                HAL_RCC_GetClockConfig
 .text.HAL_TIM_Base_MspInit
                0x08000340        0x4 HAL_Driver\Src\stm32l4xx_hal_tim.o
                0x08000340                HAL_TIM_Base_MspInit
 .text.HAL_TIM_Base_Init
                0x08000344      0x134 HAL_Driver\Src\stm32l4xx_hal_tim.o
                0x08000344                HAL_TIM_Base_Init
 .text.HAL_TIM_Base_Start_IT
                0x08000478       0x18 HAL_Driver\Src\stm32l4xx_hal_tim.o
                0x08000478                HAL_TIM_Base_Start_IT
 .text.HAL_TIM_OC_DelayElapsedCallback
                0x08000490        0x4 HAL_Driver\Src\stm32l4xx_hal_tim.o
                0x08000490                HAL_TIM_OC_DelayElapsedCallback
 .text.HAL_TIM_IC_CaptureCallback
                0x08000494        0x4 HAL_Driver\Src\stm32l4xx_hal_tim.o
                0x08000494                HAL_TIM_IC_CaptureCallback
 .text.HAL_TIM_PWM_PulseFinishedCallback
                0x08000498        0x4 HAL_Driver\Src\stm32l4xx_hal_tim.o
                0x08000498                HAL_TIM_PWM_PulseFinishedCallback
 .text.HAL_TIM_TriggerCallback
                0x0800049c        0x4 HAL_Driver\Src\stm32l4xx_hal_tim.o
                0x0800049c                HAL_TIM_TriggerCallback
 .text.HAL_TIM_IRQHandler
                0x080004a0      0x154 HAL_Driver\Src\stm32l4xx_hal_tim.o
                0x080004a0                HAL_TIM_IRQHandler
 .text.HAL_TIMEx_CommutationCallback
                0x080005f4        0x4 HAL_Driver\Src\stm32l4xx_hal_tim_ex.o
                0x080005f4                HAL_TIMEx_CommutationCallback
 .text.HAL_TIMEx_BreakCallback
                0x080005f8        0x4 HAL_Driver\Src\stm32l4xx_hal_tim_ex.o
                0x080005f8                HAL_TIMEx_BreakCallback
 .text.HAL_InitTick
                0x080005fc       0x88 HAL_Driver\Src\stm32l4xx_hal_timebase_tim_template.o
                0x080005fc                HAL_InitTick
 .text.HAL_TIM_PeriodElapsedCallback
                0x08000684        0x4 HAL_Driver\Src\stm32l4xx_hal_timebase_tim_template.o
                0x08000684                HAL_TIM_PeriodElapsedCallback
 .text.TIM6_DAC_IRQHandler
                0x08000688        0xc HAL_Driver\Src\stm32l4xx_hal_timebase_tim_template.o
                0x08000688                TIM6_DAC_IRQHandler
 .text.startup.main
                0x08000694       0x40 src\GPIO_lights.o
                0x08000694                main
 .text.SysTick_Handler
                0x080006d4       0x10 src\stm32l4xx_it.o
                0x080006d4                SysTick_Handler
 .text.SystemInit
                0x080006e4       0x50 src\system_stm32l4xx.o
                0x080006e4                SystemInit
 .text.Reset_Handler
                0x08000734       0x50 startup\startup_stm32l476xx.o
                0x08000734                Reset_Handler
 .text.Default_Handler
                0x08000784        0x2 startup\startup_stm32l476xx.o
                0x08000784                RTC_Alarm_IRQHandler
                0x08000784                EXTI2_IRQHandler
                0x08000784                TIM8_TRG_COM_IRQHandler
                0x08000784                TIM8_CC_IRQHandler
                0x08000784                DebugMon_Handler
                0x08000784                TIM1_CC_IRQHandler
                0x08000784                TSC_IRQHandler
                0x08000784                HardFault_Handler
                0x08000784                TAMP_STAMP_IRQHandler
                0x08000784                PendSV_Handler
                0x08000784                NMI_Handler
                0x08000784                EXTI3_IRQHandler
                0x08000784                LPTIM2_IRQHandler
                0x08000784                DFSDM1_FLT1_IRQHandler
                0x08000784                I2C3_ER_IRQHandler
                0x08000784                DFSDM1_FLT2_IRQHandler
                0x08000784                EXTI0_IRQHandler
                0x08000784                I2C2_EV_IRQHandler
                0x08000784                CAN1_RX0_IRQHandler
                0x08000784                FPU_IRQHandler
                0x08000784                TIM1_UP_TIM16_IRQHandler
                0x08000784                UsageFault_Handler
                0x08000784                ADC1_2_IRQHandler
                0x08000784                SPI1_IRQHandler
                0x08000784                TIM8_UP_IRQHandler
                0x08000784                DMA2_Channel2_IRQHandler
                0x08000784                DMA1_Channel4_IRQHandler
                0x08000784                SAI2_IRQHandler
                0x08000784                DFSDM1_FLT3_IRQHandler
                0x08000784                USART3_IRQHandler
                0x08000784                DMA1_Channel7_IRQHandler
                0x08000784                CAN1_RX1_IRQHandler
                0x08000784                LCD_IRQHandler
                0x08000784                UART5_IRQHandler
                0x08000784                ADC3_IRQHandler
                0x08000784                TIM4_IRQHandler
                0x08000784                DMA2_Channel1_IRQHandler
                0x08000784                QUADSPI_IRQHandler
                0x08000784                I2C1_EV_IRQHandler
                0x08000784                DMA1_Channel6_IRQHandler
                0x08000784                UART4_IRQHandler
                0x08000784                DMA2_Channel4_IRQHandler
                0x08000784                TIM3_IRQHandler
                0x08000784                RCC_IRQHandler
                0x08000784                DMA1_Channel1_IRQHandler
                0x08000784                Default_Handler
                0x08000784                DMA2_Channel7_IRQHandler
                0x08000784                EXTI15_10_IRQHandler
                0x08000784                TIM7_IRQHandler
                0x08000784                SDMMC1_IRQHandler
                0x08000784                TIM5_IRQHandler
                0x08000784                I2C3_EV_IRQHandler
                0x08000784                EXTI9_5_IRQHandler
                0x08000784                RTC_WKUP_IRQHandler
                0x08000784                PVD_PVM_IRQHandler
                0x08000784                SPI2_IRQHandler
                0x08000784                MemManage_Handler
                0x08000784                CAN1_TX_IRQHandler
                0x08000784                SVC_Handler
                0x08000784                DMA2_Channel5_IRQHandler
                0x08000784                DMA1_Channel5_IRQHandler
                0x08000784                EXTI4_IRQHandler
                0x08000784                RNG_IRQHandler
                0x08000784                TIM1_TRG_COM_TIM17_IRQHandler
                0x08000784                DMA1_Channel3_IRQHandler
                0x08000784                COMP_IRQHandler
                0x08000784                WWDG_IRQHandler
                0x08000784                LPUART1_IRQHandler
                0x08000784                DMA2_Channel6_IRQHandler
                0x08000784                TIM2_IRQHandler
                0x08000784                EXTI1_IRQHandler
                0x08000784                USART2_IRQHandler
                0x08000784                DFSDM1_FLT0_IRQHandler
                0x08000784                I2C2_ER_IRQHandler
                0x08000784                DMA1_Channel2_IRQHandler
                0x08000784                TIM8_BRK_IRQHandler
                0x08000784                CAN1_SCE_IRQHandler
                0x08000784                FLASH_IRQHandler
                0x08000784                BusFault_Handler
                0x08000784                USART1_IRQHandler
                0x08000784                OTG_FS_IRQHandler
                0x08000784                SPI3_IRQHandler
                0x08000784                I2C1_ER_IRQHandler
                0x08000784                FMC_IRQHandler
                0x08000784                SWPMI1_IRQHandler
                0x08000784                LPTIM1_IRQHandler
                0x08000784                SAI1_IRQHandler
                0x08000784                DMA2_Channel3_IRQHandler
                0x08000784                TIM1_BRK_TIM15_IRQHandler
 *fill*         0x08000786        0x2 
 .text.__libc_init_array
                0x08000788       0x48 c:/program files (x86)/atollic/truestudio for stm32 9.0.1/armtools/bin/../lib/gcc/arm-atollic-eabi/6.3.1/../../../../arm-atollic-eabi/lib/armv7e-m/fpu\libc_nano.a(lib_a-init.o)
                0x08000788                __libc_init_array
 *(.glue_7)
 .glue_7        0x080007d0        0x0 linker stubs
 *(.glue_7t)
 .glue_7t       0x080007d0        0x0 linker stubs
 *(.eh_frame)
 .eh_frame      0x080007d0        0x0 c:/program files (x86)/atollic/truestudio for stm32 9.0.1/armtools/bin/../lib/gcc/arm-atollic-eabi/6.3.1/armv7e-m/fpu/crtbegin.o
 *(.init)
 .init          0x080007d0        0x4 c:/program files (x86)/atollic/truestudio for stm32 9.0.1/armtools/bin/../lib/gcc/arm-atollic-eabi/6.3.1/armv7e-m/fpu/crti.o
                0x080007d0                _init
 .init          0x080007d4        0x8 c:/program files (x86)/atollic/truestudio for stm32 9.0.1/armtools/bin/../lib/gcc/arm-atollic-eabi/6.3.1/armv7e-m/fpu/crtn.o
 *(.fini)
 .fini          0x080007dc        0x4 c:/program files (x86)/atollic/truestudio for stm32 9.0.1/armtools/bin/../lib/gcc/arm-atollic-eabi/6.3.1/armv7e-m/fpu/crti.o
                0x080007dc                _fini
 .fini          0x080007e0        0x8 c:/program files (x86)/atollic/truestudio for stm32 9.0.1/armtools/bin/../lib/gcc/arm-atollic-eabi/6.3.1/armv7e-m/fpu/crtn.o
                0x080007e8                . = ALIGN (0x8)
                0x080007e8                _etext = .

.vfp11_veneer   0x080007e8        0x0
 .vfp11_veneer  0x080007e8        0x0 linker stubs

.v4_bx          0x080007e8        0x0
 .v4_bx         0x080007e8        0x0 linker stubs

.iplt           0x080007e8        0x0
 .iplt          0x080007e8        0x0 c:/program files (x86)/atollic/truestudio for stm32 9.0.1/armtools/bin/../lib/gcc/arm-atollic-eabi/6.3.1/armv7e-m/fpu/crtbegin.o

.rodata         0x080007e8       0x48
                0x080007e8                . = ALIGN (0x8)
 *(.rodata)
 .rodata        0x080007e8       0x48 src\system_stm32l4xx.o
                0x080007e8                MSIRangeTable
                0x08000818                AHBPrescTable
                0x08000828                APBPrescTable
 *(.rodata*)
                0x08000830                . = ALIGN (0x8)

.rel.dyn        0x08000830        0x0
 .rel.iplt      0x08000830        0x0 c:/program files (x86)/atollic/truestudio for stm32 9.0.1/armtools/bin/../lib/gcc/arm-atollic-eabi/6.3.1/armv7e-m/fpu/crtbegin.o

.ARM.extab      0x08000830        0x0
                0x08000830                . = ALIGN (0x8)
 *(.ARM.extab* .gnu.linkonce.armextab.*)
                0x08000830                . = ALIGN (0x8)

.ARM            0x08000830        0x0
                0x08000830                . = ALIGN (0x8)
                0x08000830                __exidx_start = .
 *(.ARM.exidx*)
                0x08000830                __exidx_end = .
                0x08000830                . = ALIGN (0x8)

.preinit_array  0x08000830        0x0
                0x08000830                . = ALIGN (0x8)
                0x08000830                PROVIDE (__preinit_array_start, .)
 *(.preinit_array*)
                0x08000830                PROVIDE (__preinit_array_end, .)
                0x08000830                . = ALIGN (0x8)

.init_array     0x08000830        0x8
                0x08000830                . = ALIGN (0x8)
                0x08000830                PROVIDE (__init_array_start, .)
 *(SORT(.init_array.*))
 *(.init_array*)
 .init_array    0x08000830        0x4 c:/program files (x86)/atollic/truestudio for stm32 9.0.1/armtools/bin/../lib/gcc/arm-atollic-eabi/6.3.1/armv7e-m/fpu/crtbegin.o
                0x08000834                PROVIDE (__init_array_end, .)
                0x08000838                . = ALIGN (0x8)
 *fill*         0x08000834        0x4 

.fini_array     0x08000838        0x8
                0x08000838                . = ALIGN (0x8)
                [!provide]                PROVIDE (__fini_array_start, .)
 *(SORT(.fini_array.*))
 *(.fini_array*)
 .fini_array    0x08000838        0x4 c:/program files (x86)/atollic/truestudio for stm32 9.0.1/armtools/bin/../lib/gcc/arm-atollic-eabi/6.3.1/armv7e-m/fpu/crtbegin.o
                [!provide]                PROVIDE (__fini_array_end, .)
                0x08000840                . = ALIGN (0x8)
 *fill*         0x0800083c        0x4 
                0x08000840                _sidata = LOADADDR (.data)

.data           0x20000000        0x8 load address 0x08000840
                0x20000000                . = ALIGN (0x8)
                0x20000000                _sdata = .
 *(.data)
 .data          0x20000000        0x4 src\system_stm32l4xx.o
                0x20000000                SystemCoreClock
 *(.data*)
                0x20000008                . = ALIGN (0x8)
 *fill*         0x20000004        0x4 
                0x20000008                _edata = .

.igot.plt       0x20000008        0x0 load address 0x08000848
 .igot.plt      0x20000008        0x0 c:/program files (x86)/atollic/truestudio for stm32 9.0.1/armtools/bin/../lib/gcc/arm-atollic-eabi/6.3.1/armv7e-m/fpu/crtbegin.o
                0x20000008                . = ALIGN (0x4)

.bss            0x20000008       0x60 load address 0x08000848
                0x20000008                _sbss = .
                0x20000008                __bss_start__ = _sbss
 *(.bss)
 .bss           0x20000008       0x1c c:/program files (x86)/atollic/truestudio for stm32 9.0.1/armtools/bin/../lib/gcc/arm-atollic-eabi/6.3.1/armv7e-m/fpu/crtbegin.o
 *(.bss*)
 *(COMMON)
 COMMON         0x20000024        0x4 HAL_Driver\Src\stm32l4xx_hal.o
                0x20000024                uwTick
 COMMON         0x20000028       0x40 HAL_Driver\Src\stm32l4xx_hal_timebase_tim_template.o
                0x20000028                TimHandle
                0x20000068                . = ALIGN (0x4)
                0x20000068                _ebss = .
                0x20000068                __bss_end__ = _ebss

._user_heap_stack
                0x20000068      0x600 load address 0x08000848
                0x20000068                . = ALIGN (0x8)
                0x20000068                PROVIDE (end, .)
                [!provide]                PROVIDE (_end, .)
                0x20000268                . = (. + _Min_Heap_Size)
 *fill*         0x20000068      0x200 
                0x20000668                . = (. + _Min_Stack_Size)
 *fill*         0x20000268      0x400 
                0x20000668                . = ALIGN (0x8)

/DISCARD/
 libc.a(*)
 libm.a(*)
 libgcc.a(*)

.ARM.attributes
                0x00000000       0x30
 *(.ARM.attributes)
 .ARM.attributes
                0x00000000       0x22 c:/program files (x86)/atollic/truestudio for stm32 9.0.1/armtools/bin/../lib/gcc/arm-atollic-eabi/6.3.1/armv7e-m/fpu/crti.o
 .ARM.attributes
                0x00000022       0x34 c:/program files (x86)/atollic/truestudio for stm32 9.0.1/armtools/bin/../lib/gcc/arm-atollic-eabi/6.3.1/armv7e-m/fpu/crtbegin.o
 .ARM.attributes
                0x00000056       0x39 HAL_Driver\Src\stm32l4xx_hal.o
 .ARM.attributes
                0x0000008f       0x39 HAL_Driver\Src\stm32l4xx_hal_cortex.o
 .ARM.attributes
                0x000000c8       0x39 HAL_Driver\Src\stm32l4xx_hal_gpio.o
 .ARM.attributes
                0x00000101       0x39 HAL_Driver\Src\stm32l4xx_hal_msp_template.o
 .ARM.attributes
                0x0000013a       0x39 HAL_Driver\Src\stm32l4xx_hal_rcc.o
 .ARM.attributes
                0x00000173       0x39 HAL_Driver\Src\stm32l4xx_hal_tim.o
 .ARM.attributes
                0x000001ac       0x39 HAL_Driver\Src\stm32l4xx_hal_tim_ex.o
 .ARM.attributes
                0x000001e5       0x39 HAL_Driver\Src\stm32l4xx_hal_timebase_tim_template.o
 .ARM.attributes
                0x0000021e       0x39 src\GPIO_lights.o
 .ARM.attributes
                0x00000257       0x39 src\stm32l4xx_it.o
 .ARM.attributes
                0x00000290       0x39 src\system_stm32l4xx.o
 .ARM.attributes
                0x000002c9       0x21 startup\startup_stm32l476xx.o
 .ARM.attributes
                0x000002ea       0x34 c:/program files (x86)/atollic/truestudio for stm32 9.0.1/armtools/bin/../lib/gcc/arm-atollic-eabi/6.3.1/../../../../arm-atollic-eabi/lib/armv7e-m/fpu\libc_nano.a(lib_a-init.o)
 .ARM.attributes
                0x0000031e       0x22 c:/program files (x86)/atollic/truestudio for stm32 9.0.1/armtools/bin/../lib/gcc/arm-atollic-eabi/6.3.1/armv7e-m/fpu/crtn.o
OUTPUT(BlankTemplateProject.elf elf32-littlearm)

.comment        0x00000000       0x7c
 .comment       0x00000000       0x7c HAL_Driver\Src\stm32l4xx_hal.o
                                 0x7d (size before relaxing)
 .comment       0x0000007c       0x7d HAL_Driver\Src\stm32l4xx_hal_cortex.o
 .comment       0x0000007c       0x7d HAL_Driver\Src\stm32l4xx_hal_gpio.o
 .comment       0x0000007c       0x7d HAL_Driver\Src\stm32l4xx_hal_msp_template.o
 .comment       0x0000007c       0x7d HAL_Driver\Src\stm32l4xx_hal_rcc.o
 .comment       0x0000007c       0x7d HAL_Driver\Src\stm32l4xx_hal_tim.o
 .comment       0x0000007c       0x7d HAL_Driver\Src\stm32l4xx_hal_tim_ex.o
 .comment       0x0000007c       0x7d HAL_Driver\Src\stm32l4xx_hal_timebase_tim_template.o
 .comment       0x0000007c       0x7d src\GPIO_lights.o
 .comment       0x0000007c       0x7d src\stm32l4xx_it.o
 .comment       0x0000007c       0x7d src\system_stm32l4xx.o

.debug_frame    0x00000000       0x2c
 .debug_frame   0x00000000       0x2c c:/program files (x86)/atollic/truestudio for stm32 9.0.1/armtools/bin/../lib/gcc/arm-atollic-eabi/6.3.1/../../../../arm-atollic-eabi/lib/armv7e-m/fpu\libc_nano.a(lib_a-init.o)

Cross Reference Table

Symbol                                            File
ACCELERO_IO_DeInit                                Utilities\STM32L476G-Discovery\stm32l476g_discovery.o
                                                  Utilities\STM32L476G-Discovery\stm32l476g_discovery_compass.o
ACCELERO_IO_ITConfig                              Utilities\STM32L476G-Discovery\stm32l476g_discovery.o
ACCELERO_IO_Init                                  Utilities\STM32L476G-Discovery\stm32l476g_discovery.o
                                                  Utilities\Components\lsm303c\lsm303c.o
ACCELERO_IO_Read                                  Utilities\STM32L476G-Discovery\stm32l476g_discovery.o
                                                  Utilities\Components\lsm303c\lsm303c.o
ACCELERO_IO_Write                                 Utilities\STM32L476G-Discovery\stm32l476g_discovery.o
                                                  Utilities\Components\lsm303c\lsm303c.o
ADC1_2_IRQHandler                                 startup\startup_stm32l476xx.o
ADC3_IRQHandler                                   startup\startup_stm32l476xx.o
ADC_ConversionStop                                HAL_Driver\Src\stm32l4xx_hal_adc.o
                                                  HAL_Driver\Src\stm32l4xx_hal_adc_ex.o
ADC_DMAConvCplt                                   HAL_Driver\Src\stm32l4xx_hal_adc.o
                                                  HAL_Driver\Src\stm32l4xx_hal_adc_ex.o
ADC_DMAError                                      HAL_Driver\Src\stm32l4xx_hal_adc.o
                                                  HAL_Driver\Src\stm32l4xx_hal_adc_ex.o
ADC_DMAHalfConvCplt                               HAL_Driver\Src\stm32l4xx_hal_adc.o
                                                  HAL_Driver\Src\stm32l4xx_hal_adc_ex.o
ADC_Disable                                       HAL_Driver\Src\stm32l4xx_hal_adc.o
                                                  HAL_Driver\Src\stm32l4xx_hal_adc_ex.o
ADC_Enable                                        HAL_Driver\Src\stm32l4xx_hal_adc.o
                                                  HAL_Driver\Src\stm32l4xx_hal_adc_ex.o
AHBPrescTable                                     src\system_stm32l4xx.o
                                                  HAL_Driver\Src\stm32l4xx_ll_utils.o
                                                  HAL_Driver\Src\stm32l4xx_hal_rcc.o
APBPrescTable                                     src\system_stm32l4xx.o
                                                  HAL_Driver\Src\stm32l4xx_hal_rcc.o
AUDIO_IO_DeInit                                   Utilities\STM32L476G-Discovery\stm32l476g_discovery.o
                                                  Utilities\Components\wm8994\wm8994.o
                                                  Utilities\Components\cs43l22\cs43l22.o
                                                  Utilities\Components\cs42l51\cs42l51.o
AUDIO_IO_Delay                                    Utilities\STM32L476G-Discovery\stm32l476g_discovery.o
                                                  Utilities\Components\wm8994\wm8994.o
AUDIO_IO_Init                                     Utilities\STM32L476G-Discovery\stm32l476g_discovery.o
                                                  Utilities\Components\wm8994\wm8994.o
                                                  Utilities\Components\cs43l22\cs43l22.o
                                                  Utilities\Components\cs42l51\cs42l51.o
AUDIO_IO_Read                                     Utilities\STM32L476G-Discovery\stm32l476g_discovery.o
                                                  Utilities\Components\wm8994\wm8994.o
                                                  Utilities\Components\cs43l22\cs43l22.o
                                                  Utilities\Components\cs42l51\cs42l51.o
AUDIO_IO_Write                                    Utilities\STM32L476G-Discovery\stm32l476g_discovery.o
                                                  Utilities\Components\wm8994\wm8994.o
                                                  Utilities\Components\cs43l22\cs43l22.o
                                                  Utilities\Components\cs42l51\cs42l51.o
BSP_AUDIO_IN_DeInit                               Utilities\STM32L476G-Discovery\stm32l476g_discovery_audio.o
BSP_AUDIO_IN_Init                                 Utilities\STM32L476G-Discovery\stm32l476g_discovery_audio.o
BSP_AUDIO_IN_Pause                                Utilities\STM32L476G-Discovery\stm32l476g_discovery_audio.o
BSP_AUDIO_IN_Record                               Utilities\STM32L476G-Discovery\stm32l476g_discovery_audio.o
BSP_AUDIO_IN_RegisterCallbacks                    Utilities\STM32L476G-Discovery\stm32l476g_discovery_audio.o
BSP_AUDIO_IN_Resume                               Utilities\STM32L476G-Discovery\stm32l476g_discovery_audio.o
BSP_AUDIO_IN_SetFrequency                         Utilities\STM32L476G-Discovery\stm32l476g_discovery_audio.o
BSP_AUDIO_IN_Stop                                 Utilities\STM32L476G-Discovery\stm32l476g_discovery_audio.o
BSP_AUDIO_OUT_ChangeAudioConfig                   Utilities\STM32L476G-Discovery\stm32l476g_discovery_audio.o
BSP_AUDIO_OUT_ChangeBuffer                        Utilities\STM32L476G-Discovery\stm32l476g_discovery_audio.o
BSP_AUDIO_OUT_DeInit                              Utilities\STM32L476G-Discovery\stm32l476g_discovery_audio.o
BSP_AUDIO_OUT_Init                                Utilities\STM32L476G-Discovery\stm32l476g_discovery_audio.o
BSP_AUDIO_OUT_Pause                               Utilities\STM32L476G-Discovery\stm32l476g_discovery_audio.o
BSP_AUDIO_OUT_Play                                Utilities\STM32L476G-Discovery\stm32l476g_discovery_audio.o
BSP_AUDIO_OUT_RegisterCallbacks                   Utilities\STM32L476G-Discovery\stm32l476g_discovery_audio.o
BSP_AUDIO_OUT_Resume                              Utilities\STM32L476G-Discovery\stm32l476g_discovery_audio.o
BSP_AUDIO_OUT_SetFrequency                        Utilities\STM32L476G-Discovery\stm32l476g_discovery_audio.o
BSP_AUDIO_OUT_SetMute                             Utilities\STM32L476G-Discovery\stm32l476g_discovery_audio.o
BSP_AUDIO_OUT_SetOutputMode                       Utilities\STM32L476G-Discovery\stm32l476g_discovery_audio.o
BSP_AUDIO_OUT_SetVolume                           Utilities\STM32L476G-Discovery\stm32l476g_discovery_audio.o
BSP_AUDIO_OUT_Stop                                Utilities\STM32L476G-Discovery\stm32l476g_discovery_audio.o
BSP_AUDIO_hDfsdmLeftFilter                        Utilities\STM32L476G-Discovery\stm32l476g_discovery_audio.o
BSP_AUDIO_hSai                                    Utilities\STM32L476G-Discovery\stm32l476g_discovery_audio.o
BSP_COMPASS_AccGetXYZ                             Utilities\STM32L476G-Discovery\stm32l476g_discovery_compass.o
BSP_COMPASS_DeInit                                Utilities\STM32L476G-Discovery\stm32l476g_discovery_compass.o
BSP_COMPASS_Init                                  Utilities\STM32L476G-Discovery\stm32l476g_discovery_compass.o
BSP_COMPASS_LowPower                              Utilities\STM32L476G-Discovery\stm32l476g_discovery_compass.o
BSP_COMPASS_MagGetXYZ                             Utilities\STM32L476G-Discovery\stm32l476g_discovery_compass.o
BSP_GYRO_DeInit                                   Utilities\STM32L476G-Discovery\stm32l476g_discovery_gyroscope.o
BSP_GYRO_DisableIT                                Utilities\STM32L476G-Discovery\stm32l476g_discovery_gyroscope.o
BSP_GYRO_EnableIT                                 Utilities\STM32L476G-Discovery\stm32l476g_discovery_gyroscope.o
BSP_GYRO_GetXYZ                                   Utilities\STM32L476G-Discovery\stm32l476g_discovery_gyroscope.o
BSP_GYRO_ITConfig                                 Utilities\STM32L476G-Discovery\stm32l476g_discovery_gyroscope.o
BSP_GYRO_Init                                     Utilities\STM32L476G-Discovery\stm32l476g_discovery_gyroscope.o
BSP_GYRO_LowPower                                 Utilities\STM32L476G-Discovery\stm32l476g_discovery_gyroscope.o
BSP_GYRO_ReadID                                   Utilities\STM32L476G-Discovery\stm32l476g_discovery_gyroscope.o
BSP_GYRO_Reset                                    Utilities\STM32L476G-Discovery\stm32l476g_discovery_gyroscope.o
BSP_GetVersion                                    Utilities\STM32L476G-Discovery\stm32l476g_discovery.o
BSP_IDD_ClearIT                                   Utilities\STM32L476G-Discovery\stm32l476g_discovery_idd.o
BSP_IDD_Config                                    Utilities\STM32L476G-Discovery\stm32l476g_discovery_idd.o
BSP_IDD_DeInit                                    Utilities\STM32L476G-Discovery\stm32l476g_discovery_idd.o
BSP_IDD_DisableIT                                 Utilities\STM32L476G-Discovery\stm32l476g_discovery_idd.o
BSP_IDD_EnableIT                                  Utilities\STM32L476G-Discovery\stm32l476g_discovery_idd.o
BSP_IDD_ErrorClearIT                              Utilities\STM32L476G-Discovery\stm32l476g_discovery_idd.o
BSP_IDD_ErrorDisableIT                            Utilities\STM32L476G-Discovery\stm32l476g_discovery_idd.o
BSP_IDD_ErrorEnableIT                             Utilities\STM32L476G-Discovery\stm32l476g_discovery_idd.o
BSP_IDD_ErrorGetCode                              Utilities\STM32L476G-Discovery\stm32l476g_discovery_idd.o
BSP_IDD_ErrorGetITStatus                          Utilities\STM32L476G-Discovery\stm32l476g_discovery_idd.o
BSP_IDD_GetITStatus                               Utilities\STM32L476G-Discovery\stm32l476g_discovery_idd.o
BSP_IDD_GetValue                                  Utilities\STM32L476G-Discovery\stm32l476g_discovery_idd.o
BSP_IDD_Init                                      Utilities\STM32L476G-Discovery\stm32l476g_discovery_idd.o
BSP_IDD_LowPower                                  Utilities\STM32L476G-Discovery\stm32l476g_discovery_idd.o
BSP_IDD_Reset                                     Utilities\STM32L476G-Discovery\stm32l476g_discovery_idd.o
BSP_IDD_StartMeasure                              Utilities\STM32L476G-Discovery\stm32l476g_discovery_idd.o
BSP_IDD_WakeUp                                    Utilities\STM32L476G-Discovery\stm32l476g_discovery_idd.o
BSP_JOY_DeInit                                    Utilities\STM32L476G-Discovery\stm32l476g_discovery.o
BSP_JOY_GetState                                  Utilities\STM32L476G-Discovery\stm32l476g_discovery.o
BSP_JOY_Init                                      Utilities\STM32L476G-Discovery\stm32l476g_discovery.o
BSP_LCD_GLASS_BarLevelConfig                      Utilities\STM32L476G-Discovery\stm32l476g_discovery_glass_lcd.o
BSP_LCD_GLASS_BlinkConfig                         Utilities\STM32L476G-Discovery\stm32l476g_discovery_glass_lcd.o
BSP_LCD_GLASS_Clear                               Utilities\STM32L476G-Discovery\stm32l476g_discovery_glass_lcd.o
BSP_LCD_GLASS_ClearBar                            Utilities\STM32L476G-Discovery\stm32l476g_discovery_glass_lcd.o
BSP_LCD_GLASS_Contrast                            Utilities\STM32L476G-Discovery\stm32l476g_discovery_glass_lcd.o
BSP_LCD_GLASS_DeInit                              Utilities\STM32L476G-Discovery\stm32l476g_discovery_glass_lcd.o
BSP_LCD_GLASS_DisplayBar                          Utilities\STM32L476G-Discovery\stm32l476g_discovery_glass_lcd.o
BSP_LCD_GLASS_DisplayChar                         Utilities\STM32L476G-Discovery\stm32l476g_discovery_glass_lcd.o
BSP_LCD_GLASS_DisplayStrDeci                      Utilities\STM32L476G-Discovery\stm32l476g_discovery_glass_lcd.o
BSP_LCD_GLASS_DisplayString                       Utilities\STM32L476G-Discovery\stm32l476g_discovery_glass_lcd.o
BSP_LCD_GLASS_Init                                Utilities\STM32L476G-Discovery\stm32l476g_discovery_glass_lcd.o
BSP_LCD_GLASS_ScrollSentence                      Utilities\STM32L476G-Discovery\stm32l476g_discovery_glass_lcd.o
BSP_LED_DeInit                                    Utilities\STM32L476G-Discovery\stm32l476g_discovery.o
BSP_LED_Init                                      Utilities\STM32L476G-Discovery\stm32l476g_discovery.o
BSP_LED_Off                                       Utilities\STM32L476G-Discovery\stm32l476g_discovery.o
BSP_LED_On                                        Utilities\STM32L476G-Discovery\stm32l476g_discovery.o
BSP_LED_Toggle                                    Utilities\STM32L476G-Discovery\stm32l476g_discovery.o
BSP_QSPI_DeInit                                   Utilities\STM32L476G-Discovery\stm32l476g_discovery_qspi.o
BSP_QSPI_EnableMemoryMappedMode                   Utilities\STM32L476G-Discovery\stm32l476g_discovery_qspi.o
BSP_QSPI_Erase_Block                              Utilities\STM32L476G-Discovery\stm32l476g_discovery_qspi.o
BSP_QSPI_Erase_Chip                               Utilities\STM32L476G-Discovery\stm32l476g_discovery_qspi.o
BSP_QSPI_Erase_Sector                             Utilities\STM32L476G-Discovery\stm32l476g_discovery_qspi.o
BSP_QSPI_GetInfo                                  Utilities\STM32L476G-Discovery\stm32l476g_discovery_qspi.o
BSP_QSPI_GetStatus                                Utilities\STM32L476G-Discovery\stm32l476g_discovery_qspi.o
BSP_QSPI_Init                                     Utilities\STM32L476G-Discovery\stm32l476g_discovery_qspi.o
BSP_QSPI_Read                                     Utilities\STM32L476G-Discovery\stm32l476g_discovery_qspi.o
BSP_QSPI_ResumeErase                              Utilities\STM32L476G-Discovery\stm32l476g_discovery_qspi.o
BSP_QSPI_SuspendErase                             Utilities\STM32L476G-Discovery\stm32l476g_discovery_qspi.o
BSP_QSPI_Write                                    Utilities\STM32L476G-Discovery\stm32l476g_discovery_qspi.o
BSP_SupplyModeDetection                           Utilities\STM32L476G-Discovery\stm32l476g_discovery.o
BusFault_Handler                                  startup\startup_stm32l476xx.o
CAMERA_Delay                                      Utilities\Components\ov9655\ov9655.o
CAMERA_IO_Init                                    Utilities\Components\ov9655\ov9655.o
CAMERA_IO_Read                                    Utilities\Components\ov9655\ov9655.o
CAMERA_IO_Write                                   Utilities\Components\ov9655\ov9655.o
CAN1_RX0_IRQHandler                               startup\startup_stm32l476xx.o
CAN1_RX1_IRQHandler                               startup\startup_stm32l476xx.o
CAN1_SCE_IRQHandler                               startup\startup_stm32l476xx.o
CAN1_TX_IRQHandler                                startup\startup_stm32l476xx.o
COMPASSACCELERO_IO_ITConfig                       Utilities\Components\lsm303dlhc\lsm303dlhc.o
COMPASSACCELERO_IO_Init                           Utilities\Components\lsm303dlhc\lsm303dlhc.o
COMPASSACCELERO_IO_Read                           Utilities\Components\lsm303dlhc\lsm303dlhc.o
COMPASSACCELERO_IO_Write                          Utilities\Components\lsm303dlhc\lsm303dlhc.o
COMP_IRQHandler                                   startup\startup_stm32l476xx.o
CapLetterMap                                      Utilities\STM32L476G-Discovery\stm32l476g_discovery_glass_lcd.o
DAC_DMAConvCpltCh2                                HAL_Driver\Src\stm32l4xx_hal_dac_ex.o
                                                  HAL_Driver\Src\stm32l4xx_hal_dac.o
DAC_DMAErrorCh2                                   HAL_Driver\Src\stm32l4xx_hal_dac_ex.o
                                                  HAL_Driver\Src\stm32l4xx_hal_dac.o
DAC_DMAHalfConvCpltCh2                            HAL_Driver\Src\stm32l4xx_hal_dac_ex.o
                                                  HAL_Driver\Src\stm32l4xx_hal_dac.o
DFSDM1_FLT0_IRQHandler                            startup\startup_stm32l476xx.o
DFSDM1_FLT1_IRQHandler                            startup\startup_stm32l476xx.o
DFSDM1_FLT2_IRQHandler                            startup\startup_stm32l476xx.o
DFSDM1_FLT3_IRQHandler                            startup\startup_stm32l476xx.o
DMA1_Channel1_IRQHandler                          startup\startup_stm32l476xx.o
DMA1_Channel2_IRQHandler                          startup\startup_stm32l476xx.o
DMA1_Channel3_IRQHandler                          startup\startup_stm32l476xx.o
DMA1_Channel4_IRQHandler                          startup\startup_stm32l476xx.o
DMA1_Channel5_IRQHandler                          startup\startup_stm32l476xx.o
DMA1_Channel6_IRQHandler                          startup\startup_stm32l476xx.o
DMA1_Channel7_IRQHandler                          startup\startup_stm32l476xx.o
DMA2_Channel1_IRQHandler                          startup\startup_stm32l476xx.o
DMA2_Channel2_IRQHandler                          startup\startup_stm32l476xx.o
DMA2_Channel3_IRQHandler                          startup\startup_stm32l476xx.o
DMA2_Channel4_IRQHandler                          startup\startup_stm32l476xx.o
DMA2_Channel5_IRQHandler                          startup\startup_stm32l476xx.o
DMA2_Channel6_IRQHandler                          startup\startup_stm32l476xx.o
DMA2_Channel7_IRQHandler                          startup\startup_stm32l476xx.o
DebugMon_Handler                                  startup\startup_stm32l476xx.o
Default_Handler                                   startup\startup_stm32l476xx.o
Digit                                             Utilities\STM32L476G-Discovery\stm32l476g_discovery_glass_lcd.o
EXTI0_IRQHandler                                  startup\startup_stm32l476xx.o
EXTI15_10_IRQHandler                              startup\startup_stm32l476xx.o
EXTI1_IRQHandler                                  startup\startup_stm32l476xx.o
EXTI2_IRQHandler                                  startup\startup_stm32l476xx.o
EXTI3_IRQHandler                                  startup\startup_stm32l476xx.o
EXTI4_IRQHandler                                  startup\startup_stm32l476xx.o
EXTI9_5_IRQHandler                                startup\startup_stm32l476xx.o
FLASH_FlushCaches                                 HAL_Driver\Src\stm32l4xx_hal_flash_ex.o
                                                  HAL_Driver\Src\stm32l4xx_hal_flash.o
FLASH_IRQHandler                                  startup\startup_stm32l476xx.o
FLASH_PageErase                                   HAL_Driver\Src\stm32l4xx_hal_flash_ex.o
                                                  HAL_Driver\Src\stm32l4xx_hal_flash.o
FLASH_WaitForLastOperation                        HAL_Driver\Src\stm32l4xx_hal_flash.o
                                                  HAL_Driver\Src\stm32l4xx_hal_flash_ex.o
FMC_IRQHandler                                    startup\startup_stm32l476xx.o
FMC_NAND_AttributeSpace_Timing_Init               HAL_Driver\Src\stm32l4xx_ll_fmc.o
                                                  HAL_Driver\Src\stm32l4xx_hal_nand.o
FMC_NAND_CommonSpace_Timing_Init                  HAL_Driver\Src\stm32l4xx_ll_fmc.o
                                                  HAL_Driver\Src\stm32l4xx_hal_nand.o
FMC_NAND_DeInit                                   HAL_Driver\Src\stm32l4xx_ll_fmc.o
                                                  HAL_Driver\Src\stm32l4xx_hal_nand.o
FMC_NAND_ECC_Disable                              HAL_Driver\Src\stm32l4xx_ll_fmc.o
                                                  HAL_Driver\Src\stm32l4xx_hal_nand.o
FMC_NAND_ECC_Enable                               HAL_Driver\Src\stm32l4xx_ll_fmc.o
                                                  HAL_Driver\Src\stm32l4xx_hal_nand.o
FMC_NAND_GetECC                                   HAL_Driver\Src\stm32l4xx_ll_fmc.o
                                                  HAL_Driver\Src\stm32l4xx_hal_nand.o
FMC_NAND_Init                                     HAL_Driver\Src\stm32l4xx_ll_fmc.o
                                                  HAL_Driver\Src\stm32l4xx_hal_nand.o
FMC_NORSRAM_DeInit                                HAL_Driver\Src\stm32l4xx_ll_fmc.o
                                                  HAL_Driver\Src\stm32l4xx_hal_sram.o
                                                  HAL_Driver\Src\stm32l4xx_hal_nor.o
FMC_NORSRAM_Extended_Timing_Init                  HAL_Driver\Src\stm32l4xx_ll_fmc.o
                                                  HAL_Driver\Src\stm32l4xx_hal_sram.o
                                                  HAL_Driver\Src\stm32l4xx_hal_nor.o
FMC_NORSRAM_Init                                  HAL_Driver\Src\stm32l4xx_ll_fmc.o
                                                  HAL_Driver\Src\stm32l4xx_hal_sram.o
                                                  HAL_Driver\Src\stm32l4xx_hal_nor.o
FMC_NORSRAM_Timing_Init                           HAL_Driver\Src\stm32l4xx_ll_fmc.o
                                                  HAL_Driver\Src\stm32l4xx_hal_sram.o
                                                  HAL_Driver\Src\stm32l4xx_hal_nor.o
FMC_NORSRAM_WriteOperation_Disable                HAL_Driver\Src\stm32l4xx_ll_fmc.o
                                                  HAL_Driver\Src\stm32l4xx_hal_sram.o
                                                  HAL_Driver\Src\stm32l4xx_hal_nor.o
FMC_NORSRAM_WriteOperation_Enable                 HAL_Driver\Src\stm32l4xx_ll_fmc.o
                                                  HAL_Driver\Src\stm32l4xx_hal_sram.o
                                                  HAL_Driver\Src\stm32l4xx_hal_nor.o
FPU_IRQHandler                                    startup\startup_stm32l476xx.o
GPIOA_Config                                      src\GPIO_lights.o
GPIOB_Config                                      src\GPIO_lights.o
GPIOD_Config                                      src\GPIO_lights.o
GPIOE_Config                                      src\GPIO_lights.o
GPIO_LED_Init                                     src\GPIO_lights.o
GPO_Low                                           Utilities\Components\m24sr\m24sr.o
GYRO_IO_DeInit                                    Utilities\STM32L476G-Discovery\stm32l476g_discovery.o
                                                  Utilities\STM32L476G-Discovery\stm32l476g_discovery_gyroscope.o
GYRO_IO_Init                                      Utilities\STM32L476G-Discovery\stm32l476g_discovery.o
                                                  Utilities\Components\l3gd20\l3gd20.o
GYRO_IO_Read                                      Utilities\STM32L476G-Discovery\stm32l476g_discovery.o
                                                  Utilities\Components\l3gd20\l3gd20.o
GYRO_IO_Write                                     Utilities\STM32L476G-Discovery\stm32l476g_discovery.o
                                                  Utilities\Components\l3gd20\l3gd20.o
HAL_ADCEx_Calibration_GetValue                    HAL_Driver\Src\stm32l4xx_hal_adc_ex.o
HAL_ADCEx_Calibration_SetValue                    HAL_Driver\Src\stm32l4xx_hal_adc_ex.o
HAL_ADCEx_Calibration_Start                       HAL_Driver\Src\stm32l4xx_hal_adc_ex.o
HAL_ADCEx_DisableInjectedQueue                    HAL_Driver\Src\stm32l4xx_hal_adc_ex.o
HAL_ADCEx_DisableVoltageRegulator                 HAL_Driver\Src\stm32l4xx_hal_adc_ex.o
HAL_ADCEx_EnableInjectedQueue                     HAL_Driver\Src\stm32l4xx_hal_adc_ex.o
HAL_ADCEx_EndOfSamplingCallback                   HAL_Driver\Src\stm32l4xx_hal_adc_ex.o
                                                  HAL_Driver\Src\stm32l4xx_hal_adc.o
HAL_ADCEx_EnterADCDeepPowerDownMode               HAL_Driver\Src\stm32l4xx_hal_adc_ex.o
HAL_ADCEx_InjectedConfigChannel                   HAL_Driver\Src\stm32l4xx_hal_adc_ex.o
HAL_ADCEx_InjectedConvCpltCallback                HAL_Driver\Src\stm32l4xx_hal_adc_ex.o
                                                  HAL_Driver\Src\stm32l4xx_hal_adc.o
HAL_ADCEx_InjectedGetValue                        HAL_Driver\Src\stm32l4xx_hal_adc_ex.o
HAL_ADCEx_InjectedPollForConversion               HAL_Driver\Src\stm32l4xx_hal_adc_ex.o
HAL_ADCEx_InjectedQueueOverflowCallback           HAL_Driver\Src\stm32l4xx_hal_adc_ex.o
                                                  HAL_Driver\Src\stm32l4xx_hal_adc.o
HAL_ADCEx_InjectedStart                           HAL_Driver\Src\stm32l4xx_hal_adc_ex.o
HAL_ADCEx_InjectedStart_IT                        HAL_Driver\Src\stm32l4xx_hal_adc_ex.o
HAL_ADCEx_InjectedStop                            HAL_Driver\Src\stm32l4xx_hal_adc_ex.o
HAL_ADCEx_InjectedStop_IT                         HAL_Driver\Src\stm32l4xx_hal_adc_ex.o
HAL_ADCEx_LevelOutOfWindow2Callback               HAL_Driver\Src\stm32l4xx_hal_adc_ex.o
                                                  HAL_Driver\Src\stm32l4xx_hal_adc.o
HAL_ADCEx_LevelOutOfWindow3Callback               HAL_Driver\Src\stm32l4xx_hal_adc_ex.o
                                                  HAL_Driver\Src\stm32l4xx_hal_adc.o
HAL_ADCEx_MultiModeConfigChannel                  HAL_Driver\Src\stm32l4xx_hal_adc_ex.o
HAL_ADCEx_MultiModeGetValue                       HAL_Driver\Src\stm32l4xx_hal_adc_ex.o
HAL_ADCEx_MultiModeStart_DMA                      HAL_Driver\Src\stm32l4xx_hal_adc_ex.o
HAL_ADCEx_MultiModeStop_DMA                       HAL_Driver\Src\stm32l4xx_hal_adc_ex.o
HAL_ADCEx_RegularMultiModeStop_DMA                HAL_Driver\Src\stm32l4xx_hal_adc_ex.o
HAL_ADCEx_RegularStop                             HAL_Driver\Src\stm32l4xx_hal_adc_ex.o
HAL_ADCEx_RegularStop_DMA                         HAL_Driver\Src\stm32l4xx_hal_adc_ex.o
HAL_ADCEx_RegularStop_IT                          HAL_Driver\Src\stm32l4xx_hal_adc_ex.o
HAL_ADC_AnalogWDGConfig                           HAL_Driver\Src\stm32l4xx_hal_adc.o
HAL_ADC_ConfigChannel                             HAL_Driver\Src\stm32l4xx_hal_adc.o
HAL_ADC_ConvCpltCallback                          HAL_Driver\Src\stm32l4xx_hal_adc.o
HAL_ADC_ConvHalfCpltCallback                      HAL_Driver\Src\stm32l4xx_hal_adc.o
HAL_ADC_DeInit                                    HAL_Driver\Src\stm32l4xx_hal_adc.o
HAL_ADC_ErrorCallback                             HAL_Driver\Src\stm32l4xx_hal_adc.o
HAL_ADC_GetError                                  HAL_Driver\Src\stm32l4xx_hal_adc.o
HAL_ADC_GetState                                  HAL_Driver\Src\stm32l4xx_hal_adc.o
HAL_ADC_GetValue                                  HAL_Driver\Src\stm32l4xx_hal_adc.o
HAL_ADC_IRQHandler                                HAL_Driver\Src\stm32l4xx_hal_adc.o
HAL_ADC_Init                                      HAL_Driver\Src\stm32l4xx_hal_adc.o
HAL_ADC_LevelOutOfWindowCallback                  HAL_Driver\Src\stm32l4xx_hal_adc.o
HAL_ADC_MspDeInit                                 HAL_Driver\Src\stm32l4xx_hal_adc.o
HAL_ADC_MspInit                                   HAL_Driver\Src\stm32l4xx_hal_adc.o
HAL_ADC_PollForConversion                         HAL_Driver\Src\stm32l4xx_hal_adc.o
HAL_ADC_PollForEvent                              HAL_Driver\Src\stm32l4xx_hal_adc.o
HAL_ADC_Start                                     HAL_Driver\Src\stm32l4xx_hal_adc.o
HAL_ADC_Start_DMA                                 HAL_Driver\Src\stm32l4xx_hal_adc.o
HAL_ADC_Start_IT                                  HAL_Driver\Src\stm32l4xx_hal_adc.o
HAL_ADC_Stop                                      HAL_Driver\Src\stm32l4xx_hal_adc.o
HAL_ADC_Stop_DMA                                  HAL_Driver\Src\stm32l4xx_hal_adc.o
HAL_ADC_Stop_IT                                   HAL_Driver\Src\stm32l4xx_hal_adc.o
HAL_CAN_ConfigFilter                              HAL_Driver\Src\stm32l4xx_hal_can.o
HAL_CAN_DeInit                                    HAL_Driver\Src\stm32l4xx_hal_can.o
HAL_CAN_ErrorCallback                             HAL_Driver\Src\stm32l4xx_hal_can.o
HAL_CAN_GetError                                  HAL_Driver\Src\stm32l4xx_hal_can.o
HAL_CAN_GetState                                  HAL_Driver\Src\stm32l4xx_hal_can.o
HAL_CAN_IRQHandler                                HAL_Driver\Src\stm32l4xx_hal_can.o
HAL_CAN_Init                                      HAL_Driver\Src\stm32l4xx_hal_can.o
HAL_CAN_MspDeInit                                 HAL_Driver\Src\stm32l4xx_hal_can.o
HAL_CAN_MspInit                                   HAL_Driver\Src\stm32l4xx_hal_can.o
HAL_CAN_Receive                                   HAL_Driver\Src\stm32l4xx_hal_can.o
HAL_CAN_Receive_IT                                HAL_Driver\Src\stm32l4xx_hal_can.o
HAL_CAN_RxCpltCallback                            HAL_Driver\Src\stm32l4xx_hal_can.o
HAL_CAN_Sleep                                     HAL_Driver\Src\stm32l4xx_hal_can.o
HAL_CAN_Transmit                                  HAL_Driver\Src\stm32l4xx_hal_can.o
HAL_CAN_Transmit_IT                               HAL_Driver\Src\stm32l4xx_hal_can.o
HAL_CAN_TxCpltCallback                            HAL_Driver\Src\stm32l4xx_hal_can.o
HAL_CAN_WakeUp                                    HAL_Driver\Src\stm32l4xx_hal_can.o
HAL_COMP_DeInit                                   HAL_Driver\Src\stm32l4xx_hal_comp.o
HAL_COMP_GetOutputLevel                           HAL_Driver\Src\stm32l4xx_hal_comp.o
HAL_COMP_GetState                                 HAL_Driver\Src\stm32l4xx_hal_comp.o
HAL_COMP_IRQHandler                               HAL_Driver\Src\stm32l4xx_hal_comp.o
HAL_COMP_Init                                     HAL_Driver\Src\stm32l4xx_hal_comp.o
HAL_COMP_Lock                                     HAL_Driver\Src\stm32l4xx_hal_comp.o
HAL_COMP_MspDeInit                                HAL_Driver\Src\stm32l4xx_hal_comp.o
HAL_COMP_MspInit                                  HAL_Driver\Src\stm32l4xx_hal_comp.o
HAL_COMP_Start                                    HAL_Driver\Src\stm32l4xx_hal_comp.o
HAL_COMP_Stop                                     HAL_Driver\Src\stm32l4xx_hal_comp.o
HAL_COMP_TriggerCallback                          HAL_Driver\Src\stm32l4xx_hal_comp.o
HAL_CRCEx_Input_Data_Reverse                      HAL_Driver\Src\stm32l4xx_hal_crc_ex.o
HAL_CRCEx_Output_Data_Reverse                     HAL_Driver\Src\stm32l4xx_hal_crc_ex.o
HAL_CRCEx_Polynomial_Set                          HAL_Driver\Src\stm32l4xx_hal_crc_ex.o
                                                  HAL_Driver\Src\stm32l4xx_hal_crc.o
HAL_CRC_Accumulate                                HAL_Driver\Src\stm32l4xx_hal_crc.o
HAL_CRC_Calculate                                 HAL_Driver\Src\stm32l4xx_hal_crc.o
HAL_CRC_DeInit                                    HAL_Driver\Src\stm32l4xx_hal_crc.o
HAL_CRC_GetState                                  HAL_Driver\Src\stm32l4xx_hal_crc.o
HAL_CRC_Init                                      HAL_Driver\Src\stm32l4xx_hal_crc.o
HAL_CRC_MspDeInit                                 HAL_Driver\Src\stm32l4xx_hal_crc.o
HAL_CRC_MspInit                                   HAL_Driver\Src\stm32l4xx_hal_crc.o
HAL_DACEx_ConvCpltCallbackCh2                     HAL_Driver\Src\stm32l4xx_hal_dac_ex.o
HAL_DACEx_ConvHalfCpltCallbackCh2                 HAL_Driver\Src\stm32l4xx_hal_dac_ex.o
HAL_DACEx_DMAUnderrunCallbackCh2                  HAL_Driver\Src\stm32l4xx_hal_dac_ex.o
                                                  HAL_Driver\Src\stm32l4xx_hal_dac.o
HAL_DACEx_DualGetValue                            HAL_Driver\Src\stm32l4xx_hal_dac_ex.o
HAL_DACEx_DualSetValue                            HAL_Driver\Src\stm32l4xx_hal_dac_ex.o
HAL_DACEx_ErrorCallbackCh2                        HAL_Driver\Src\stm32l4xx_hal_dac_ex.o
HAL_DACEx_GetTrimOffset                           HAL_Driver\Src\stm32l4xx_hal_dac_ex.o
HAL_DACEx_NoiseWaveGenerate                       HAL_Driver\Src\stm32l4xx_hal_dac_ex.o
HAL_DACEx_SelfCalibrate                           HAL_Driver\Src\stm32l4xx_hal_dac_ex.o
HAL_DACEx_SetUserTrimming                         HAL_Driver\Src\stm32l4xx_hal_dac_ex.o
HAL_DACEx_TriangleWaveGenerate                    HAL_Driver\Src\stm32l4xx_hal_dac_ex.o
HAL_DAC_ConfigChannel                             HAL_Driver\Src\stm32l4xx_hal_dac.o
HAL_DAC_ConvCpltCallbackCh1                       HAL_Driver\Src\stm32l4xx_hal_dac.o
HAL_DAC_ConvHalfCpltCallbackCh1                   HAL_Driver\Src\stm32l4xx_hal_dac.o
HAL_DAC_DMAUnderrunCallbackCh1                    HAL_Driver\Src\stm32l4xx_hal_dac.o
HAL_DAC_DeInit                                    HAL_Driver\Src\stm32l4xx_hal_dac.o
HAL_DAC_ErrorCallbackCh1                          HAL_Driver\Src\stm32l4xx_hal_dac.o
HAL_DAC_GetError                                  HAL_Driver\Src\stm32l4xx_hal_dac.o
HAL_DAC_GetState                                  HAL_Driver\Src\stm32l4xx_hal_dac.o
HAL_DAC_GetValue                                  HAL_Driver\Src\stm32l4xx_hal_dac.o
HAL_DAC_IRQHandler                                HAL_Driver\Src\stm32l4xx_hal_dac.o
HAL_DAC_Init                                      HAL_Driver\Src\stm32l4xx_hal_dac.o
HAL_DAC_MspDeInit                                 HAL_Driver\Src\stm32l4xx_hal_dac.o
HAL_DAC_MspInit                                   HAL_Driver\Src\stm32l4xx_hal_dac.o
HAL_DAC_SetValue                                  HAL_Driver\Src\stm32l4xx_hal_dac.o
HAL_DAC_Start                                     HAL_Driver\Src\stm32l4xx_hal_dac.o
HAL_DAC_Start_DMA                                 HAL_Driver\Src\stm32l4xx_hal_dac.o
HAL_DAC_Stop                                      HAL_Driver\Src\stm32l4xx_hal_dac.o
HAL_DAC_Stop_DMA                                  HAL_Driver\Src\stm32l4xx_hal_dac.o
HAL_DBGMCU_DisableDBGSleepMode                    HAL_Driver\Src\stm32l4xx_hal.o
HAL_DBGMCU_DisableDBGStandbyMode                  HAL_Driver\Src\stm32l4xx_hal.o
HAL_DBGMCU_DisableDBGStopMode                     HAL_Driver\Src\stm32l4xx_hal.o
HAL_DBGMCU_EnableDBGSleepMode                     HAL_Driver\Src\stm32l4xx_hal.o
HAL_DBGMCU_EnableDBGStandbyMode                   HAL_Driver\Src\stm32l4xx_hal.o
HAL_DBGMCU_EnableDBGStopMode                      HAL_Driver\Src\stm32l4xx_hal.o
HAL_DFSDM_ChannelCkabCallback                     HAL_Driver\Src\stm32l4xx_hal_dfsdm.o
HAL_DFSDM_ChannelCkabStart                        HAL_Driver\Src\stm32l4xx_hal_dfsdm.o
HAL_DFSDM_ChannelCkabStart_IT                     HAL_Driver\Src\stm32l4xx_hal_dfsdm.o
HAL_DFSDM_ChannelCkabStop                         HAL_Driver\Src\stm32l4xx_hal_dfsdm.o
HAL_DFSDM_ChannelCkabStop_IT                      HAL_Driver\Src\stm32l4xx_hal_dfsdm.o
HAL_DFSDM_ChannelDeInit                           HAL_Driver\Src\stm32l4xx_hal_dfsdm.o
                                                  Utilities\STM32L476G-Discovery\stm32l476g_discovery_audio.o
HAL_DFSDM_ChannelGetAwdValue                      HAL_Driver\Src\stm32l4xx_hal_dfsdm.o
HAL_DFSDM_ChannelGetState                         HAL_Driver\Src\stm32l4xx_hal_dfsdm.o
HAL_DFSDM_ChannelInit                             HAL_Driver\Src\stm32l4xx_hal_dfsdm.o
                                                  Utilities\STM32L476G-Discovery\stm32l476g_discovery_audio.o
HAL_DFSDM_ChannelModifyOffset                     HAL_Driver\Src\stm32l4xx_hal_dfsdm.o
HAL_DFSDM_ChannelMspDeInit                        Utilities\STM32L476G-Discovery\stm32l476g_discovery_audio.o
                                                  HAL_Driver\Src\stm32l4xx_hal_dfsdm.o
HAL_DFSDM_ChannelMspInit                          Utilities\STM32L476G-Discovery\stm32l476g_discovery_audio.o
                                                  HAL_Driver\Src\stm32l4xx_hal_dfsdm.o
HAL_DFSDM_ChannelPollForCkab                      HAL_Driver\Src\stm32l4xx_hal_dfsdm.o
HAL_DFSDM_ChannelPollForScd                       HAL_Driver\Src\stm32l4xx_hal_dfsdm.o
HAL_DFSDM_ChannelScdCallback                      HAL_Driver\Src\stm32l4xx_hal_dfsdm.o
HAL_DFSDM_ChannelScdStart                         HAL_Driver\Src\stm32l4xx_hal_dfsdm.o
HAL_DFSDM_ChannelScdStart_IT                      HAL_Driver\Src\stm32l4xx_hal_dfsdm.o
HAL_DFSDM_ChannelScdStop                          HAL_Driver\Src\stm32l4xx_hal_dfsdm.o
HAL_DFSDM_ChannelScdStop_IT                       HAL_Driver\Src\stm32l4xx_hal_dfsdm.o
HAL_DFSDM_FilterAwdCallback                       HAL_Driver\Src\stm32l4xx_hal_dfsdm.o
HAL_DFSDM_FilterAwdStart_IT                       HAL_Driver\Src\stm32l4xx_hal_dfsdm.o
HAL_DFSDM_FilterAwdStop_IT                        HAL_Driver\Src\stm32l4xx_hal_dfsdm.o
HAL_DFSDM_FilterConfigInjChannel                  HAL_Driver\Src\stm32l4xx_hal_dfsdm.o
HAL_DFSDM_FilterConfigRegChannel                  HAL_Driver\Src\stm32l4xx_hal_dfsdm.o
                                                  Utilities\STM32L476G-Discovery\stm32l476g_discovery_audio.o
HAL_DFSDM_FilterDeInit                            HAL_Driver\Src\stm32l4xx_hal_dfsdm.o
                                                  Utilities\STM32L476G-Discovery\stm32l476g_discovery_audio.o
HAL_DFSDM_FilterErrorCallback                     Utilities\STM32L476G-Discovery\stm32l476g_discovery_audio.o
                                                  HAL_Driver\Src\stm32l4xx_hal_dfsdm.o
HAL_DFSDM_FilterExdStart                          HAL_Driver\Src\stm32l4xx_hal_dfsdm.o
HAL_DFSDM_FilterExdStop                           HAL_Driver\Src\stm32l4xx_hal_dfsdm.o
HAL_DFSDM_FilterGetConvTimeValue                  HAL_Driver\Src\stm32l4xx_hal_dfsdm.o
HAL_DFSDM_FilterGetError                          HAL_Driver\Src\stm32l4xx_hal_dfsdm.o
HAL_DFSDM_FilterGetExdMaxValue                    HAL_Driver\Src\stm32l4xx_hal_dfsdm.o
HAL_DFSDM_FilterGetExdMinValue                    HAL_Driver\Src\stm32l4xx_hal_dfsdm.o
HAL_DFSDM_FilterGetInjectedValue                  HAL_Driver\Src\stm32l4xx_hal_dfsdm.o
HAL_DFSDM_FilterGetRegularValue                   HAL_Driver\Src\stm32l4xx_hal_dfsdm.o
HAL_DFSDM_FilterGetState                          HAL_Driver\Src\stm32l4xx_hal_dfsdm.o
HAL_DFSDM_FilterInit                              HAL_Driver\Src\stm32l4xx_hal_dfsdm.o
                                                  Utilities\STM32L476G-Discovery\stm32l476g_discovery_audio.o
HAL_DFSDM_FilterInjConvCpltCallback               HAL_Driver\Src\stm32l4xx_hal_dfsdm.o
HAL_DFSDM_FilterInjConvHalfCpltCallback           HAL_Driver\Src\stm32l4xx_hal_dfsdm.o
HAL_DFSDM_FilterInjectedMsbStart_DMA              HAL_Driver\Src\stm32l4xx_hal_dfsdm.o
HAL_DFSDM_FilterInjectedStart                     HAL_Driver\Src\stm32l4xx_hal_dfsdm.o
HAL_DFSDM_FilterInjectedStart_DMA                 HAL_Driver\Src\stm32l4xx_hal_dfsdm.o
HAL_DFSDM_FilterInjectedStart_IT                  HAL_Driver\Src\stm32l4xx_hal_dfsdm.o
HAL_DFSDM_FilterInjectedStop                      HAL_Driver\Src\stm32l4xx_hal_dfsdm.o
HAL_DFSDM_FilterInjectedStop_DMA                  HAL_Driver\Src\stm32l4xx_hal_dfsdm.o
HAL_DFSDM_FilterInjectedStop_IT                   HAL_Driver\Src\stm32l4xx_hal_dfsdm.o
HAL_DFSDM_FilterMspDeInit                         Utilities\STM32L476G-Discovery\stm32l476g_discovery_audio.o
                                                  HAL_Driver\Src\stm32l4xx_hal_dfsdm.o
HAL_DFSDM_FilterMspInit                           Utilities\STM32L476G-Discovery\stm32l476g_discovery_audio.o
                                                  HAL_Driver\Src\stm32l4xx_hal_dfsdm.o
HAL_DFSDM_FilterPollForInjConversion              HAL_Driver\Src\stm32l4xx_hal_dfsdm.o
HAL_DFSDM_FilterPollForRegConversion              HAL_Driver\Src\stm32l4xx_hal_dfsdm.o
HAL_DFSDM_FilterRegConvCpltCallback               Utilities\STM32L476G-Discovery\stm32l476g_discovery_audio.o
                                                  HAL_Driver\Src\stm32l4xx_hal_dfsdm.o
HAL_DFSDM_FilterRegConvHalfCpltCallback           Utilities\STM32L476G-Discovery\stm32l476g_discovery_audio.o
                                                  HAL_Driver\Src\stm32l4xx_hal_dfsdm.o
HAL_DFSDM_FilterRegularMsbStart_DMA               HAL_Driver\Src\stm32l4xx_hal_dfsdm.o
HAL_DFSDM_FilterRegularStart                      HAL_Driver\Src\stm32l4xx_hal_dfsdm.o
HAL_DFSDM_FilterRegularStart_DMA                  HAL_Driver\Src\stm32l4xx_hal_dfsdm.o
                                                  Utilities\STM32L476G-Discovery\stm32l476g_discovery_audio.o
HAL_DFSDM_FilterRegularStart_IT                   HAL_Driver\Src\stm32l4xx_hal_dfsdm.o
HAL_DFSDM_FilterRegularStop                       HAL_Driver\Src\stm32l4xx_hal_dfsdm.o
HAL_DFSDM_FilterRegularStop_DMA                   HAL_Driver\Src\stm32l4xx_hal_dfsdm.o
                                                  Utilities\STM32L476G-Discovery\stm32l476g_discovery_audio.o
HAL_DFSDM_FilterRegularStop_IT                    HAL_Driver\Src\stm32l4xx_hal_dfsdm.o
HAL_DFSDM_IRQHandler                              HAL_Driver\Src\stm32l4xx_hal_dfsdm.o
HAL_DMA_Abort                                     HAL_Driver\Src\stm32l4xx_hal_dma.o
                                                  HAL_Driver\Src\stm32l4xx_hal_usart.o
                                                  HAL_Driver\Src\stm32l4xx_hal_uart.o
                                                  HAL_Driver\Src\stm32l4xx_hal_tim.o
                                                  HAL_Driver\Src\stm32l4xx_hal_swpmi.o
                                                  HAL_Driver\Src\stm32l4xx_hal_spi.o
                                                  HAL_Driver\Src\stm32l4xx_hal_smartcard.o
                                                  HAL_Driver\Src\stm32l4xx_hal_sd.o
                                                  HAL_Driver\Src\stm32l4xx_hal_sai.o
                                                  HAL_Driver\Src\stm32l4xx_hal_qspi.o
                                                  HAL_Driver\Src\stm32l4xx_hal_irda.o
                                                  HAL_Driver\Src\stm32l4xx_hal_dfsdm.o
                                                  HAL_Driver\Src\stm32l4xx_hal_dac.o
                                                  HAL_Driver\Src\stm32l4xx_hal_adc_ex.o
                                                  HAL_Driver\Src\stm32l4xx_hal_adc.o
HAL_DMA_Abort_IT                                  HAL_Driver\Src\stm32l4xx_hal_dma.o
                                                  HAL_Driver\Src\stm32l4xx_hal_usart.o
                                                  HAL_Driver\Src\stm32l4xx_hal_uart.o
                                                  HAL_Driver\Src\stm32l4xx_hal_swpmi.o
                                                  HAL_Driver\Src\stm32l4xx_hal_spi.o
                                                  HAL_Driver\Src\stm32l4xx_hal_smartcard.o
                                                  HAL_Driver\Src\stm32l4xx_hal_sd.o
                                                  HAL_Driver\Src\stm32l4xx_hal_sai.o
                                                  HAL_Driver\Src\stm32l4xx_hal_qspi.o
                                                  HAL_Driver\Src\stm32l4xx_hal_irda.o
                                                  HAL_Driver\Src\stm32l4xx_hal_i2c.o
HAL_DMA_DeInit                                    HAL_Driver\Src\stm32l4xx_hal_dma.o
                                                  Utilities\STM32L476G-Discovery\stm32l476g_discovery_audio.o
HAL_DMA_GetError                                  HAL_Driver\Src\stm32l4xx_hal_dma.o
HAL_DMA_GetState                                  HAL_Driver\Src\stm32l4xx_hal_dma.o
HAL_DMA_IRQHandler                                HAL_Driver\Src\stm32l4xx_hal_dma.o
HAL_DMA_Init                                      HAL_Driver\Src\stm32l4xx_hal_dma.o
                                                  Utilities\STM32L476G-Discovery\stm32l476g_discovery_audio.o
HAL_DMA_PollForTransfer                           HAL_Driver\Src\stm32l4xx_hal_dma.o
HAL_DMA_RegisterCallback                          HAL_Driver\Src\stm32l4xx_hal_dma.o
HAL_DMA_Start                                     HAL_Driver\Src\stm32l4xx_hal_dma.o
HAL_DMA_Start_IT                                  HAL_Driver\Src\stm32l4xx_hal_dma.o
                                                  HAL_Driver\Src\stm32l4xx_hal_usart.o
                                                  HAL_Driver\Src\stm32l4xx_hal_uart.o
                                                  HAL_Driver\Src\stm32l4xx_hal_tim_ex.o
                                                  HAL_Driver\Src\stm32l4xx_hal_tim.o
                                                  HAL_Driver\Src\stm32l4xx_hal_swpmi.o
                                                  HAL_Driver\Src\stm32l4xx_hal_sram.o
                                                  HAL_Driver\Src\stm32l4xx_hal_spi.o
                                                  HAL_Driver\Src\stm32l4xx_hal_smartcard.o
                                                  HAL_Driver\Src\stm32l4xx_hal_sd.o
                                                  HAL_Driver\Src\stm32l4xx_hal_sai.o
                                                  HAL_Driver\Src\stm32l4xx_hal_qspi.o
                                                  HAL_Driver\Src\stm32l4xx_hal_irda.o
                                                  HAL_Driver\Src\stm32l4xx_hal_i2c.o
                                                  HAL_Driver\Src\stm32l4xx_hal_dfsdm.o
                                                  HAL_Driver\Src\stm32l4xx_hal_dac.o
                                                  HAL_Driver\Src\stm32l4xx_hal_adc_ex.o
                                                  HAL_Driver\Src\stm32l4xx_hal_adc.o
HAL_DMA_UnRegisterCallback                        HAL_Driver\Src\stm32l4xx_hal_dma.o
HAL_DeInit                                        HAL_Driver\Src\stm32l4xx_hal.o
HAL_Delay                                         HAL_Driver\Src\stm32l4xx_hal.o
                                                  src\GPIO_lights.o
                                                  Utilities\STM32L476G-Discovery\stm32l476g_discovery_idd.o
                                                  Utilities\STM32L476G-Discovery\stm32l476g_discovery_glass_lcd.o
                                                  Utilities\STM32L476G-Discovery\stm32l476g_discovery_audio.o
                                                  Utilities\STM32L476G-Discovery\stm32l476g_discovery.o
                                                  HAL_Driver\Src\stm32l4xx_ll_usb.o
                                                  HAL_Driver\Src\stm32l4xx_hal_sd.o
                                                  HAL_Driver\Src\stm32l4xx_hal_pcd_ex.o
                                                  HAL_Driver\Src\stm32l4xx_hal_opamp_ex.o
                                                  HAL_Driver\Src\stm32l4xx_hal_opamp.o
                                                  HAL_Driver\Src\stm32l4xx_hal_dac_ex.o
                                                  HAL_Driver\Src\stm32l4xx_hal_dac.o
HAL_FIREWALL_Config                               HAL_Driver\Src\stm32l4xx_hal_firewall.o
HAL_FIREWALL_DisablePreArmFlag                    HAL_Driver\Src\stm32l4xx_hal_firewall.o
HAL_FIREWALL_EnableFirewall                       HAL_Driver\Src\stm32l4xx_hal_firewall.o
HAL_FIREWALL_EnablePreArmFlag                     HAL_Driver\Src\stm32l4xx_hal_firewall.o
HAL_FIREWALL_GetConfig                            HAL_Driver\Src\stm32l4xx_hal_firewall.o
HAL_FLASHEx_DisableRunPowerDown                   HAL_Driver\Src\stm32l4xx_hal_flash_ramfunc.o
HAL_FLASHEx_EnableRunPowerDown                    HAL_Driver\Src\stm32l4xx_hal_flash_ramfunc.o
HAL_FLASHEx_Erase                                 HAL_Driver\Src\stm32l4xx_hal_flash_ex.o
HAL_FLASHEx_Erase_IT                              HAL_Driver\Src\stm32l4xx_hal_flash_ex.o
HAL_FLASHEx_OBGetConfig                           HAL_Driver\Src\stm32l4xx_hal_flash_ex.o
HAL_FLASHEx_OBProgram                             HAL_Driver\Src\stm32l4xx_hal_flash_ex.o
HAL_FLASH_EndOfOperationCallback                  HAL_Driver\Src\stm32l4xx_hal_flash.o
HAL_FLASH_GetError                                HAL_Driver\Src\stm32l4xx_hal_flash.o
HAL_FLASH_IRQHandler                              HAL_Driver\Src\stm32l4xx_hal_flash.o
HAL_FLASH_Lock                                    HAL_Driver\Src\stm32l4xx_hal_flash.o
HAL_FLASH_OB_Launch                               HAL_Driver\Src\stm32l4xx_hal_flash.o
HAL_FLASH_OB_Lock                                 HAL_Driver\Src\stm32l4xx_hal_flash.o
HAL_FLASH_OB_Unlock                               HAL_Driver\Src\stm32l4xx_hal_flash.o
HAL_FLASH_OperationErrorCallback                  HAL_Driver\Src\stm32l4xx_hal_flash.o
HAL_FLASH_Program                                 HAL_Driver\Src\stm32l4xx_hal_flash.o
HAL_FLASH_Program_IT                              HAL_Driver\Src\stm32l4xx_hal_flash.o
HAL_FLASH_Unlock                                  HAL_Driver\Src\stm32l4xx_hal_flash.o
HAL_GPIO_DeInit                                   HAL_Driver\Src\stm32l4xx_hal_gpio.o
                                                  Utilities\STM32L476G-Discovery\stm32l476g_discovery_qspi.o
                                                  Utilities\STM32L476G-Discovery\stm32l476g_discovery_glass_lcd.o
                                                  Utilities\STM32L476G-Discovery\stm32l476g_discovery_audio.o
                                                  Utilities\STM32L476G-Discovery\stm32l476g_discovery.o
HAL_GPIO_EXTI_Callback                            HAL_Driver\Src\stm32l4xx_hal_gpio.o
HAL_GPIO_EXTI_IRQHandler                          HAL_Driver\Src\stm32l4xx_hal_gpio.o
HAL_GPIO_Init                                     HAL_Driver\Src\stm32l4xx_hal_gpio.o
                                                  src\GPIO_lights.o
                                                  Utilities\STM32L476G-Discovery\stm32l476g_discovery_qspi.o
                                                  Utilities\STM32L476G-Discovery\stm32l476g_discovery_glass_lcd.o
                                                  Utilities\STM32L476G-Discovery\stm32l476g_discovery_audio.o
                                                  Utilities\STM32L476G-Discovery\stm32l476g_discovery.o
                                                  HAL_Driver\Src\stm32l4xx_hal_rcc_ex.o
                                                  HAL_Driver\Src\stm32l4xx_hal_rcc.o
HAL_GPIO_LockPin                                  HAL_Driver\Src\stm32l4xx_hal_gpio.o
HAL_GPIO_ReadPin                                  HAL_Driver\Src\stm32l4xx_hal_gpio.o
                                                  Utilities\STM32L476G-Discovery\stm32l476g_discovery.o
HAL_GPIO_TogglePin                                HAL_Driver\Src\stm32l4xx_hal_gpio.o
                                                  Utilities\STM32L476G-Discovery\stm32l476g_discovery.o
HAL_GPIO_WritePin                                 HAL_Driver\Src\stm32l4xx_hal_gpio.o
                                                  src\GPIO_lights.o
                                                  Utilities\STM32L476G-Discovery\stm32l476g_discovery_qspi.o
                                                  Utilities\STM32L476G-Discovery\stm32l476g_discovery_audio.o
                                                  Utilities\STM32L476G-Discovery\stm32l476g_discovery.o
HAL_GetDEVID                                      HAL_Driver\Src\stm32l4xx_hal.o
HAL_GetHalVersion                                 HAL_Driver\Src\stm32l4xx_hal.o
HAL_GetREVID                                      HAL_Driver\Src\stm32l4xx_hal.o
HAL_GetTick                                       HAL_Driver\Src\stm32l4xx_hal.o
                                                  HAL_Driver\Src\stm32l4xx_ll_fmc.o
                                                  HAL_Driver\Src\stm32l4xx_hal_usart.o
                                                  HAL_Driver\Src\stm32l4xx_hal_uart_ex.o
                                                  HAL_Driver\Src\stm32l4xx_hal_uart.o
                                                  HAL_Driver\Src\stm32l4xx_hal_swpmi.o
                                                  HAL_Driver\Src\stm32l4xx_hal_spi.o
                                                  HAL_Driver\Src\stm32l4xx_hal_smbus.o
                                                  HAL_Driver\Src\stm32l4xx_hal_smartcard.o
                                                  HAL_Driver\Src\stm32l4xx_hal_sd.o
                                                  HAL_Driver\Src\stm32l4xx_hal_sai.o
                                                  HAL_Driver\Src\stm32l4xx_hal_rtc_ex.o
                                                  HAL_Driver\Src\stm32l4xx_hal_rtc.o
                                                  HAL_Driver\Src\stm32l4xx_hal_rng.o
                                                  HAL_Driver\Src\stm32l4xx_hal_rcc_ex.o
                                                  HAL_Driver\Src\stm32l4xx_hal_rcc.o
                                                  HAL_Driver\Src\stm32l4xx_hal_qspi.o
                                                  HAL_Driver\Src\stm32l4xx_hal_pcd_ex.o
                                                  HAL_Driver\Src\stm32l4xx_hal_nor.o
                                                  HAL_Driver\Src\stm32l4xx_hal_nand.o
                                                  HAL_Driver\Src\stm32l4xx_hal_lcd.o
                                                  HAL_Driver\Src\stm32l4xx_hal_iwdg.o
                                                  HAL_Driver\Src\stm32l4xx_hal_irda.o
                                                  HAL_Driver\Src\stm32l4xx_hal_i2c.o
                                                  HAL_Driver\Src\stm32l4xx_hal_flash.o
                                                  HAL_Driver\Src\stm32l4xx_hal_dma.o
                                                  HAL_Driver\Src\stm32l4xx_hal_dfsdm.o
                                                  HAL_Driver\Src\stm32l4xx_hal_dac.o
                                                  HAL_Driver\Src\stm32l4xx_hal_can.o
                                                  HAL_Driver\Src\stm32l4xx_hal_adc_ex.o
                                                  HAL_Driver\Src\stm32l4xx_hal_adc.o
HAL_GetUIDw0                                      HAL_Driver\Src\stm32l4xx_hal.o
HAL_GetUIDw1                                      HAL_Driver\Src\stm32l4xx_hal.o
HAL_GetUIDw2                                      HAL_Driver\Src\stm32l4xx_hal.o
HAL_HCD_Connect_Callback                          HAL_Driver\Src\stm32l4xx_hal_hcd.o
HAL_HCD_DeInit                                    HAL_Driver\Src\stm32l4xx_hal_hcd.o
HAL_HCD_Disconnect_Callback                       HAL_Driver\Src\stm32l4xx_hal_hcd.o
HAL_HCD_GetCurrentFrame                           HAL_Driver\Src\stm32l4xx_hal_hcd.o
HAL_HCD_GetCurrentSpeed                           HAL_Driver\Src\stm32l4xx_hal_hcd.o
HAL_HCD_GetState                                  HAL_Driver\Src\stm32l4xx_hal_hcd.o
HAL_HCD_HC_GetState                               HAL_Driver\Src\stm32l4xx_hal_hcd.o
HAL_HCD_HC_GetURBState                            HAL_Driver\Src\stm32l4xx_hal_hcd.o
HAL_HCD_HC_GetXferCount                           HAL_Driver\Src\stm32l4xx_hal_hcd.o
HAL_HCD_HC_Halt                                   HAL_Driver\Src\stm32l4xx_hal_hcd.o
HAL_HCD_HC_Init                                   HAL_Driver\Src\stm32l4xx_hal_hcd.o
HAL_HCD_HC_NotifyURBChange_Callback               HAL_Driver\Src\stm32l4xx_hal_hcd.o
HAL_HCD_HC_SubmitRequest                          HAL_Driver\Src\stm32l4xx_hal_hcd.o
HAL_HCD_IRQHandler                                HAL_Driver\Src\stm32l4xx_hal_hcd.o
HAL_HCD_Init                                      HAL_Driver\Src\stm32l4xx_hal_hcd.o
HAL_HCD_MspDeInit                                 HAL_Driver\Src\stm32l4xx_hal_hcd.o
HAL_HCD_MspInit                                   HAL_Driver\Src\stm32l4xx_hal_hcd.o
HAL_HCD_ResetPort                                 HAL_Driver\Src\stm32l4xx_hal_hcd.o
HAL_HCD_SOF_Callback                              HAL_Driver\Src\stm32l4xx_hal_hcd.o
HAL_HCD_Start                                     HAL_Driver\Src\stm32l4xx_hal_hcd.o
HAL_HCD_Stop                                      HAL_Driver\Src\stm32l4xx_hal_hcd.o
HAL_HalfDuplex_EnableReceiver                     HAL_Driver\Src\stm32l4xx_hal_uart.o
HAL_HalfDuplex_EnableTransmitter                  HAL_Driver\Src\stm32l4xx_hal_uart.o
HAL_HalfDuplex_Init                               HAL_Driver\Src\stm32l4xx_hal_uart.o
HAL_I2CEx_ConfigAnalogFilter                      HAL_Driver\Src\stm32l4xx_hal_i2c_ex.o
HAL_I2CEx_ConfigDigitalFilter                     HAL_Driver\Src\stm32l4xx_hal_i2c_ex.o
HAL_I2CEx_DisableFastModePlus                     HAL_Driver\Src\stm32l4xx_hal_i2c_ex.o
HAL_I2CEx_DisableWakeUp                           HAL_Driver\Src\stm32l4xx_hal_i2c_ex.o
HAL_I2CEx_EnableFastModePlus                      HAL_Driver\Src\stm32l4xx_hal_i2c_ex.o
HAL_I2CEx_EnableWakeUp                            HAL_Driver\Src\stm32l4xx_hal_i2c_ex.o
HAL_I2C_AbortCpltCallback                         HAL_Driver\Src\stm32l4xx_hal_i2c.o
HAL_I2C_AddrCallback                              HAL_Driver\Src\stm32l4xx_hal_i2c.o
HAL_I2C_DeInit                                    HAL_Driver\Src\stm32l4xx_hal_i2c.o
                                                  Utilities\STM32L476G-Discovery\stm32l476g_discovery.o
HAL_I2C_DisableListen_IT                          HAL_Driver\Src\stm32l4xx_hal_i2c.o
HAL_I2C_ER_IRQHandler                             HAL_Driver\Src\stm32l4xx_hal_i2c.o
HAL_I2C_EV_IRQHandler                             HAL_Driver\Src\stm32l4xx_hal_i2c.o
HAL_I2C_EnableListen_IT                           HAL_Driver\Src\stm32l4xx_hal_i2c.o
HAL_I2C_ErrorCallback                             HAL_Driver\Src\stm32l4xx_hal_i2c.o
HAL_I2C_GetError                                  HAL_Driver\Src\stm32l4xx_hal_i2c.o
HAL_I2C_GetMode                                   HAL_Driver\Src\stm32l4xx_hal_i2c.o
HAL_I2C_GetState                                  HAL_Driver\Src\stm32l4xx_hal_i2c.o
                                                  Utilities\STM32L476G-Discovery\stm32l476g_discovery.o
HAL_I2C_Init                                      HAL_Driver\Src\stm32l4xx_hal_i2c.o
                                                  Utilities\STM32L476G-Discovery\stm32l476g_discovery.o
HAL_I2C_IsDeviceReady                             HAL_Driver\Src\stm32l4xx_hal_i2c.o
HAL_I2C_ListenCpltCallback                        HAL_Driver\Src\stm32l4xx_hal_i2c.o
HAL_I2C_MasterRxCpltCallback                      HAL_Driver\Src\stm32l4xx_hal_i2c.o
HAL_I2C_MasterTxCpltCallback                      HAL_Driver\Src\stm32l4xx_hal_i2c.o
HAL_I2C_Master_Abort_IT                           HAL_Driver\Src\stm32l4xx_hal_i2c.o
HAL_I2C_Master_Receive                            HAL_Driver\Src\stm32l4xx_hal_i2c.o
HAL_I2C_Master_Receive_DMA                        HAL_Driver\Src\stm32l4xx_hal_i2c.o
HAL_I2C_Master_Receive_IT                         HAL_Driver\Src\stm32l4xx_hal_i2c.o
HAL_I2C_Master_Sequential_Receive_IT              HAL_Driver\Src\stm32l4xx_hal_i2c.o
HAL_I2C_Master_Sequential_Transmit_IT             HAL_Driver\Src\stm32l4xx_hal_i2c.o
HAL_I2C_Master_Transmit                           HAL_Driver\Src\stm32l4xx_hal_i2c.o
HAL_I2C_Master_Transmit_DMA                       HAL_Driver\Src\stm32l4xx_hal_i2c.o
HAL_I2C_Master_Transmit_IT                        HAL_Driver\Src\stm32l4xx_hal_i2c.o
HAL_I2C_MemRxCpltCallback                         HAL_Driver\Src\stm32l4xx_hal_i2c.o
HAL_I2C_MemTxCpltCallback                         HAL_Driver\Src\stm32l4xx_hal_i2c.o
HAL_I2C_Mem_Read                                  HAL_Driver\Src\stm32l4xx_hal_i2c.o
                                                  Utilities\STM32L476G-Discovery\stm32l476g_discovery.o
HAL_I2C_Mem_Read_DMA                              HAL_Driver\Src\stm32l4xx_hal_i2c.o
HAL_I2C_Mem_Read_IT                               HAL_Driver\Src\stm32l4xx_hal_i2c.o
HAL_I2C_Mem_Write                                 HAL_Driver\Src\stm32l4xx_hal_i2c.o
                                                  Utilities\STM32L476G-Discovery\stm32l476g_discovery.o
HAL_I2C_Mem_Write_DMA                             HAL_Driver\Src\stm32l4xx_hal_i2c.o
HAL_I2C_Mem_Write_IT                              HAL_Driver\Src\stm32l4xx_hal_i2c.o
HAL_I2C_MspDeInit                                 HAL_Driver\Src\stm32l4xx_hal_i2c.o
HAL_I2C_MspInit                                   HAL_Driver\Src\stm32l4xx_hal_i2c.o
HAL_I2C_SlaveRxCpltCallback                       HAL_Driver\Src\stm32l4xx_hal_i2c.o
HAL_I2C_SlaveTxCpltCallback                       HAL_Driver\Src\stm32l4xx_hal_i2c.o
HAL_I2C_Slave_Receive                             HAL_Driver\Src\stm32l4xx_hal_i2c.o
HAL_I2C_Slave_Receive_DMA                         HAL_Driver\Src\stm32l4xx_hal_i2c.o
HAL_I2C_Slave_Receive_IT                          HAL_Driver\Src\stm32l4xx_hal_i2c.o
HAL_I2C_Slave_Sequential_Receive_IT               HAL_Driver\Src\stm32l4xx_hal_i2c.o
HAL_I2C_Slave_Sequential_Transmit_IT              HAL_Driver\Src\stm32l4xx_hal_i2c.o
HAL_I2C_Slave_Transmit                            HAL_Driver\Src\stm32l4xx_hal_i2c.o
HAL_I2C_Slave_Transmit_DMA                        HAL_Driver\Src\stm32l4xx_hal_i2c.o
HAL_I2C_Slave_Transmit_IT                         HAL_Driver\Src\stm32l4xx_hal_i2c.o
HAL_IRDA_Abort                                    HAL_Driver\Src\stm32l4xx_hal_irda.o
HAL_IRDA_AbortCpltCallback                        HAL_Driver\Src\stm32l4xx_hal_irda.o
HAL_IRDA_AbortReceive                             HAL_Driver\Src\stm32l4xx_hal_irda.o
HAL_IRDA_AbortReceiveCpltCallback                 HAL_Driver\Src\stm32l4xx_hal_irda.o
HAL_IRDA_AbortReceive_IT                          HAL_Driver\Src\stm32l4xx_hal_irda.o
HAL_IRDA_AbortTransmit                            HAL_Driver\Src\stm32l4xx_hal_irda.o
HAL_IRDA_AbortTransmitCpltCallback                HAL_Driver\Src\stm32l4xx_hal_irda.o
HAL_IRDA_AbortTransmit_IT                         HAL_Driver\Src\stm32l4xx_hal_irda.o
HAL_IRDA_Abort_IT                                 HAL_Driver\Src\stm32l4xx_hal_irda.o
HAL_IRDA_DMAPause                                 HAL_Driver\Src\stm32l4xx_hal_irda.o
HAL_IRDA_DMAResume                                HAL_Driver\Src\stm32l4xx_hal_irda.o
HAL_IRDA_DMAStop                                  HAL_Driver\Src\stm32l4xx_hal_irda.o
HAL_IRDA_DeInit                                   HAL_Driver\Src\stm32l4xx_hal_irda.o
HAL_IRDA_ErrorCallback                            HAL_Driver\Src\stm32l4xx_hal_irda.o
HAL_IRDA_GetError                                 HAL_Driver\Src\stm32l4xx_hal_irda.o
HAL_IRDA_GetState                                 HAL_Driver\Src\stm32l4xx_hal_irda.o
HAL_IRDA_IRQHandler                               HAL_Driver\Src\stm32l4xx_hal_irda.o
HAL_IRDA_Init                                     HAL_Driver\Src\stm32l4xx_hal_irda.o
HAL_IRDA_MspDeInit                                HAL_Driver\Src\stm32l4xx_hal_irda.o
HAL_IRDA_MspInit                                  HAL_Driver\Src\stm32l4xx_hal_irda.o
HAL_IRDA_Receive                                  HAL_Driver\Src\stm32l4xx_hal_irda.o
HAL_IRDA_Receive_DMA                              HAL_Driver\Src\stm32l4xx_hal_irda.o
HAL_IRDA_Receive_IT                               HAL_Driver\Src\stm32l4xx_hal_irda.o
HAL_IRDA_RxCpltCallback                           HAL_Driver\Src\stm32l4xx_hal_irda.o
HAL_IRDA_RxHalfCpltCallback                       HAL_Driver\Src\stm32l4xx_hal_irda.o
HAL_IRDA_Transmit                                 HAL_Driver\Src\stm32l4xx_hal_irda.o
HAL_IRDA_Transmit_DMA                             HAL_Driver\Src\stm32l4xx_hal_irda.o
HAL_IRDA_Transmit_IT                              HAL_Driver\Src\stm32l4xx_hal_irda.o
HAL_IRDA_TxCpltCallback                           HAL_Driver\Src\stm32l4xx_hal_irda.o
HAL_IRDA_TxHalfCpltCallback                       HAL_Driver\Src\stm32l4xx_hal_irda.o
HAL_IWDG_Init                                     HAL_Driver\Src\stm32l4xx_hal_iwdg.o
HAL_IWDG_Refresh                                  HAL_Driver\Src\stm32l4xx_hal_iwdg.o
HAL_IncTick                                       HAL_Driver\Src\stm32l4xx_hal.o
                                                  src\stm32l4xx_it.o
                                                  HAL_Driver\Src\stm32l4xx_hal_timebase_tim_template.o
HAL_Init                                          HAL_Driver\Src\stm32l4xx_hal.o
                                                  src\GPIO_lights.o
HAL_InitTick                                      HAL_Driver\Src\stm32l4xx_hal_timebase_tim_template.o
                                                  HAL_Driver\Src\stm32l4xx_hal.o
                                                  HAL_Driver\Src\stm32l4xx_hal_rcc.o
HAL_LCD_Clear                                     HAL_Driver\Src\stm32l4xx_hal_lcd.o
                                                  Utilities\STM32L476G-Discovery\stm32l476g_discovery_glass_lcd.o
HAL_LCD_DeInit                                    HAL_Driver\Src\stm32l4xx_hal_lcd.o
                                                  Utilities\STM32L476G-Discovery\stm32l476g_discovery_glass_lcd.o
HAL_LCD_GetError                                  HAL_Driver\Src\stm32l4xx_hal_lcd.o
HAL_LCD_GetState                                  HAL_Driver\Src\stm32l4xx_hal_lcd.o
HAL_LCD_Init                                      HAL_Driver\Src\stm32l4xx_hal_lcd.o
                                                  Utilities\STM32L476G-Discovery\stm32l476g_discovery_glass_lcd.o
HAL_LCD_MspDeInit                                 HAL_Driver\Src\stm32l4xx_hal_lcd.o
HAL_LCD_MspInit                                   HAL_Driver\Src\stm32l4xx_hal_lcd.o
HAL_LCD_UpdateDisplayRequest                      HAL_Driver\Src\stm32l4xx_hal_lcd.o
                                                  Utilities\STM32L476G-Discovery\stm32l476g_discovery_glass_lcd.o
HAL_LCD_Write                                     HAL_Driver\Src\stm32l4xx_hal_lcd.o
                                                  Utilities\STM32L476G-Discovery\stm32l476g_discovery_glass_lcd.o
HAL_LIN_Init                                      HAL_Driver\Src\stm32l4xx_hal_uart.o
HAL_LIN_SendBreak                                 HAL_Driver\Src\stm32l4xx_hal_uart.o
HAL_LPTIM_AutoReloadMatchCallback                 HAL_Driver\Src\stm32l4xx_hal_lptim.o